Component: ARM Compiler 5.06 update 6 (build 750) Tool: armlink [4d35ed]

==============================================================================

Section Cross References

    startup_stm32l151xc.o(STACK) refers (Special) to heapauxi.o(.text) for __use_two_region_memory
    startup_stm32l151xc.o(HEAP) refers (Special) to heapauxi.o(.text) for __use_two_region_memory
    startup_stm32l151xc.o(RESET) refers (Special) to heapauxi.o(.text) for __use_two_region_memory
    startup_stm32l151xc.o(RESET) refers to startup_stm32l151xc.o(STACK) for __initial_sp
    startup_stm32l151xc.o(RESET) refers to startup_stm32l151xc.o(.text) for Reset_Handler
    startup_stm32l151xc.o(RESET) refers to stm32l1xx_it.o(i.NMI_Handler) for NMI_Handler
    startup_stm32l151xc.o(RESET) refers to stm32l1xx_it.o(i.HardFault_Handler) for HardFault_Handler
    startup_stm32l151xc.o(RESET) refers to stm32l1xx_it.o(i.MemManage_Handler) for MemManage_Handler
    startup_stm32l151xc.o(RESET) refers to stm32l1xx_it.o(i.BusFault_Handler) for BusFault_Handler
    startup_stm32l151xc.o(RESET) refers to stm32l1xx_it.o(i.UsageFault_Handler) for UsageFault_Handler
    startup_stm32l151xc.o(RESET) refers to stm32l1xx_it.o(i.SVC_Handler) for SVC_Handler
    startup_stm32l151xc.o(RESET) refers to stm32l1xx_it.o(i.DebugMon_Handler) for DebugMon_Handler
    startup_stm32l151xc.o(RESET) refers to stm32l1xx_it.o(i.PendSV_Handler) for PendSV_Handler
    startup_stm32l151xc.o(RESET) refers to stm32l1xx_it.o(i.SysTick_Handler) for SysTick_Handler
    startup_stm32l151xc.o(RESET) refers to stm32l1xx_it.o(i.USART1_IRQHandler) for USART1_IRQHandler
    startup_stm32l151xc.o(RESET) refers to stm32l1xx_it.o(i.USART3_IRQHandler) for USART3_IRQHandler
    startup_stm32l151xc.o(.text) refers (Special) to heapauxi.o(.text) for __use_two_region_memory
    startup_stm32l151xc.o(.text) refers to system_stm32l1xx.o(i.SystemInit) for SystemInit
    startup_stm32l151xc.o(.text) refers to __main.o(!!!main) for __main
    startup_stm32l151xc.o(.text) refers to startup_stm32l151xc.o(HEAP) for Heap_Mem
    startup_stm32l151xc.o(.text) refers to startup_stm32l151xc.o(STACK) for Stack_Mem
    main.o(i.Check_Disconnect_Error_SIM) refers to uart_sim.o(i.Compare_Uart1_RX_Uart3_TX_True_Display) for Compare_Uart1_RX_Uart3_TX_True_Display
    main.o(i.Check_Disconnect_Error_SIM) refers to user_sim.o(i.Reset_SendData) for Reset_SendData
    main.o(i.Check_Disconnect_Error_SIM) refers to uart_sim.o(i.Connect_Server_SIM) for Connect_Server_SIM
    main.o(i.Check_Disconnect_Error_SIM) refers to main.o(.data) for sUart3
    main.o(i.HAL_UART_RxCpltCallback) refers to stm32l1xx_hal_uart.o(i.HAL_UART_Receive_IT) for HAL_UART_Receive_IT
    main.o(i.HAL_UART_RxCpltCallback) refers to main.o(.bss) for huart3
    main.o(i.HAL_UART_RxCpltCallback) refers to main.o(.data) for sUart3
    main.o(i.MX_GPIO_Init) refers to rt_memclr_w.o(.text) for __aeabi_memclr4
    main.o(i.MX_GPIO_Init) refers to stm32l1xx_hal_gpio.o(i.HAL_GPIO_WritePin) for HAL_GPIO_WritePin
    main.o(i.MX_GPIO_Init) refers to stm32l1xx_hal_gpio.o(i.HAL_GPIO_Init) for HAL_GPIO_Init
    main.o(i.MX_RTC_Init) refers to rt_memclr_w.o(.text) for __aeabi_memclr4
    main.o(i.MX_RTC_Init) refers to stm32l1xx_hal_rtc.o(i.HAL_RTC_Init) for HAL_RTC_Init
    main.o(i.MX_RTC_Init) refers to main.o(i.Error_Handler) for Error_Handler
    main.o(i.MX_RTC_Init) refers to stm32l1xx_hal_rtc.o(i.HAL_RTC_SetTime) for HAL_RTC_SetTime
    main.o(i.MX_RTC_Init) refers to stm32l1xx_hal_rtc.o(i.HAL_RTC_SetDate) for HAL_RTC_SetDate
    main.o(i.MX_RTC_Init) refers to main.o(.bss) for hrtc
    main.o(i.MX_USART1_UART_Init) refers to stm32l1xx_hal_uart.o(i.HAL_UART_Init) for HAL_UART_Init
    main.o(i.MX_USART1_UART_Init) refers to main.o(i.Error_Handler) for Error_Handler
    main.o(i.MX_USART1_UART_Init) refers to main.o(.bss) for huart1
    main.o(i.MX_USART3_UART_Init) refers to stm32l1xx_hal_uart.o(i.HAL_UART_Init) for HAL_UART_Init
    main.o(i.MX_USART3_UART_Init) refers to main.o(i.Error_Handler) for Error_Handler
    main.o(i.MX_USART3_UART_Init) refers to main.o(.bss) for huart3
    main.o(i.Module_SIM) refers to uart_sim.o(i.Config_SIM_In_While) for Config_SIM_In_While
    main.o(i.Module_SIM) refers to main.o(i.Check_Disconnect_Error_SIM) for Check_Disconnect_Error_SIM
    main.o(i.Module_SIM) refers to main.o(i.SendData_Control_SIM) for SendData_Control_SIM
    main.o(i.Module_SIM) refers to main.o(.data) for check_config
    main.o(i.Read_Flash) refers to flash_memory.o(i.FLASH_ReadData32) for FLASH_ReadData32
    main.o(i.Read_Flash) refers to main.o(.data) for check_Power_OFF
    main.o(i.SendData_Control_SIM) refers to uart_sim.o(i.Get_Real_Time) for Get_Real_Time
    main.o(i.SendData_Control_SIM) refers to user_sim.o(i.SendData_Server) for SendData_Server
    main.o(i.SendData_Control_SIM) refers to main.o(i.Set_RTC) for Set_RTC
    main.o(i.SendData_Control_SIM) refers to main.o(.data) for check_connect
[...]
    ../clib/libinit.s                        0x00000000   Number         0  libshutdown.o ABSOLUTE
    ../clib/longlong.s                       0x00000000   Number         0  lludivv7m.o ABSOLUTE
    ../clib/memcpset.s                       0x00000000   Number         0  rt_memclr_w.o ABSOLUTE
    ../clib/memcpset.s                       0x00000000   Number         0  rt_memcpy_w.o ABSOLUTE
    ../clib/signal.c                         0x00000000   Number         0  defsig_rtmem_outer.o ABSOLUTE
    ../clib/signal.c                         0x00000000   Number         0  defsig_general.o ABSOLUTE
    ../clib/signal.c                         0x00000000   Number         0  __raise.o ABSOLUTE
    ../clib/signal.c                         0x00000000   Number         0  defsig_fpe_inner.o ABSOLUTE
    ../clib/signal.c                         0x00000000   Number         0  defsig_abrt_inner.o ABSOLUTE
    ../clib/signal.c                         0x00000000   Number         0  defsig_rtred_inner.o ABSOLUTE
    ../clib/signal.c                         0x00000000   Number         0  defsig_stak_inner.o ABSOLUTE
    ../clib/signal.c                         0x00000000   Number         0  defsig_rtmem_inner.o ABSOLUTE
    ../clib/signal.c                         0x00000000   Number         0  defsig_fpe_formal.o ABSOLUTE
    ../clib/signal.c                         0x00000000   Number         0  defsig_fpe_outer.o ABSOLUTE
    ../clib/signal.c                         0x00000000   Number         0  defsig_exit.o ABSOLUTE
    ../clib/signal.c                         0x00000000   Number         0  defsig_pvfn_inner.o ABSOLUTE
    ../clib/signal.c                         0x00000000   Number         0  defsig_segv_inner.o ABSOLUTE
    ../clib/signal.c                         0x00000000   Number         0  defsig_other.o ABSOLUTE
    ../clib/signal.c                         0x00000000   Number         0  defsig_cppl_inner.o ABSOLUTE
    ../clib/signal.c                         0x00000000   Number         0  defsig_rtmem_formal.o ABSOLUTE
    ../clib/signal.s                         0x00000000   Number         0  defsig.o ABSOLUTE
    ../clib/stdlib.c                         0x00000000   Number         0  exit.o ABSOLUTE
    ../clib/string.c                         0x00000000   Number         0  strstr.o ABSOLUTE
    ../clib/string.c                         0x00000000   Number         0  strlen.o ABSOLUTE
    ../fplib/fpinit.s                        0x00000000   Number         0  fpinit.o ABSOLUTE
    ..\Core\Src\main.c                       0x00000000   Number         0  main.o ABSOLUTE
    ..\Core\Src\stm32l1xx_hal_msp.c          0x00000000   Number         0  stm32l1xx_hal_msp.o ABSOLUTE
    ..\Core\Src\stm32l1xx_it.c               0x00000000   Number         0  stm32l1xx_it.o ABSOLUTE
    ..\Core\Src\system_stm32l1xx.c           0x00000000   Number         0  system_stm32l1xx.o ABSOLUTE
    ..\Core\Src\user_sim.c                   0x00000000   Number         0  user_sim.o ABSOLUTE
    ..\Drivers\Mylib\Src\flash_memory.c      0x00000000   Number         0  flash_memory.o ABSOLUTE
    ..\Drivers\Mylib\Src\uart_sim.c          0x00000000   Number         0  uart_sim.o ABSOLUTE
    ..\Drivers\Mylib\Src\user_uart.c         0x00000000   Number         0  user_uart.o ABSOLUTE
    ..\Drivers\STM32L1xx_HAL_Driver\Src\stm32l1xx_hal.c 0x00000000   Number         0  stm32l1xx_hal.o ABSOLUTE
    ..\Drivers\STM32L1xx_HAL_Driver\Src\stm32l1xx_hal_cortex.c 0x00000000   Number         0  stm32l1xx_hal_cortex.o ABSOLUTE
    ..\Drivers\STM32L1xx_HAL_Driver\Src\stm32l1xx_hal_dma.c 0x00000000   Number         0  stm32l1xx_hal_dma.o ABSOLUTE
    ..\Drivers\STM32L1xx_HAL_Driver\Src\stm32l1xx_hal_exti.c 0x00000000   Number         0  stm32l1xx_hal_exti.o ABSOLUTE
    ..\Drivers\STM32L1xx_HAL_Driver\Src\stm32l1xx_hal_flash.c 0x00000000   Number         0  stm32l1xx_hal_flash.o ABSOLUTE
    ..\Drivers\STM32L1xx_HAL_Driver\Src\stm32l1xx_hal_flash_ex.c 0x00000000   Number         0  stm32l1xx_hal_flash_ex.o ABSOLUTE
    ..\Drivers\STM32L1xx_HAL_Driver\Src\stm32l1xx_hal_flash_ramfunc.c 0x00000000   Number         0  stm32l1xx_hal_flash_ramfunc.o ABSOLUTE
    ..\Drivers\STM32L1xx_HAL_Driver\Src\stm32l1xx_hal_gpio.c 0x00000000   Number         0  stm32l1xx_hal_gpio.o ABSOLUTE
    ..\Drivers\STM32L1xx_HAL_Driver\Src\stm32l1xx_hal_pwr.c 0x00000000   Number         0  stm32l1xx_hal_pwr.o ABSOLUTE
    ..\Drivers\STM32L1xx_HAL_Driver\Src\stm32l1xx_hal_pwr_ex.c 0x00000000   Number         0  stm32l1xx_hal_pwr_ex.o ABSOLUTE
    ..\Drivers\STM32L1xx_HAL_Driver\Src\stm32l1xx_hal_rcc.c 0x00000000   Number         0  stm32l1xx_hal_rcc.o ABSOLUTE
    ..\Drivers\STM32L1xx_HAL_Driver\Src\stm32l1xx_hal_rcc_ex.c 0x00000000   Number         0  stm32l1xx_hal_rcc_ex.o ABSOLUTE
    ..\Drivers\STM32L1xx_HAL_Driver\Src\stm32l1xx_hal_rtc.c 0x00000000   Number         0  stm32l1xx_hal_rtc.o ABSOLUTE
    ..\Drivers\STM32L1xx_HAL_Driver\Src\stm32l1xx_hal_rtc_ex.c 0x00000000   Number         0  stm32l1xx_hal_rtc_ex.o ABSOLUTE
    ..\Drivers\STM32L1xx_HAL_Driver\Src\stm32l1xx_hal_tim.c 0x00000000   Number         0  stm32l1xx_hal_tim.o ABSOLUTE
    ..\Drivers\STM32L1xx_HAL_Driver\Src\stm32l1xx_hal_tim_ex.c 0x00000000   Number         0  stm32l1xx_hal_tim_ex.o ABSOLUTE
    ..\Drivers\STM32L1xx_HAL_Driver\Src\stm32l1xx_hal_uart.c 0x00000000   Number         0  stm32l1xx_hal_uart.o ABSOLUTE
    ..\\Core\\Src\\user_sim.c                0x00000000   Number         0  user_sim.o ABSOLUTE
    ..\\Drivers\\Mylib\\Src\\flash_memory.c  0x00000000   Number         0  flash_memory.o ABSOLUTE
    ..\\Drivers\\Mylib\\Src\\uart_sim.c      0x00000000   Number         0  uart_sim.o ABSOLUTE
    ..\\Drivers\\Mylib\\Src\\user_uart.c     0x00000000   Number         0  user_uart.o ABSOLUTE
    dc.s                                     0x00000000   Number         0  dc.o ABSOLUTE
    startup_stm32l151xc.s                    0x00000000   Number         0  startup_stm32l151xc.o ABSOLUTE
    RESET                                    0x08000000   Section      292  startup_stm32l151xc.o(RESET)
    !!!main                                  0x08000124   Section        8  __main.o(!!!main)
    !!!scatter                               0x0800012c   Section       52  __scatter.o(!!!scatter)
    !!dczerorl2                              0x08000160   Section       90  __dczerorl2.o(!!dczerorl2)
    !!handler_zi                             0x080001bc   Section       28  __scatter_zi.o(!!handler_zi)
    .ARM.Collect$$libinit$$00000000          0x080001d8   Section        2  libinit.o(.ARM.Collect$$libinit$$00000000)
    .ARM.Collect$$libinit$$00000002          0x080001da   Section        0  libinit2.o(.ARM.Collect$$libinit$$00000002)
    .ARM.Collect$$libinit$$00000004          0x080001da   Section        0  libinit2.o(.ARM.Collect$$libinit$$00000004)
    .ARM.Collect$$libinit$$00000005          0x080001da   Section        8  libinit2.o(.ARM.Collect$$libinit$$00000005)
    .ARM.Collect$$libinit$$0000000A          0x080001e2   Section        0  libinit2.o(.ARM.Collect$$libinit$$0000000A)
    .ARM.Collect$$libinit$$0000000C          0x080001e2   Section        0  libinit2.o(.ARM.Collect$$libinit$$0000000C)
    .ARM.Collect$$libinit$$0000000E          0x080001e2   Section        0  libinit2.o(.ARM.Collect$$libinit$$0000000E)
    .ARM.Collect$$libinit$$00000011          0x080001e2   Section        0  libinit2.o(.ARM.Collect$$libinit$$00000011)
    .ARM.Collect$$libinit$$00000013          0x080001e2   Section        0  libinit2.o(.ARM.Collect$$libinit$$00000013)
    .ARM.Collect$$libinit$$00000015          0x080001e2   Section        0  libinit2.o(.ARM.Collect$$libinit$$00000015)
    .ARM.Collect$$libinit$$00000017          0x080001e2   Section        0  libinit2.o(.ARM.Collect$$libinit$$00000017)
    .ARM.Collect$$libinit$$00000019          0x080001e2   Section        0  libinit2.o(.ARM.Collect$$libinit$$00000019)
    .ARM.Collect$$libinit$$0000001B          0x080001e2   Section        0  libinit2.o(.ARM.Collect$$libinit$$0000001B)
    .ARM.Collect$$libinit$$0000001D          0x080001e2   Section        0  libinit2.o(.ARM.Collect$$libinit$$0000001D)
    .ARM.Collect$$libinit$$0000001F          0x080001e2   Section        0  libinit2.o(.ARM.Collect$$libinit$$0000001F)
    .ARM.Collect$$libinit$$00000021          0x080001e2   Section        0  libinit2.o(.ARM.Collect$$libinit$$00000021)
    .ARM.Collect$$libinit$$00000023          0x080001e2   Section        0  libinit2.o(.ARM.Collect$$libinit$$00000023)
    .ARM.Collect$$libinit$$00000025          0x080001e2   Section        0  libinit2.o(.ARM.Collect$$libinit$$00000025)
    .ARM.Collect$$libinit$$0000002C          0x080001e2   Section        0  libinit2.o(.ARM.Collect$$libinit$$0000002C)
    .ARM.Collect$$libinit$$0000002E          0x080001e2   Section        0  libinit2.o(.ARM.Collect$$libinit$$0000002E)
    .ARM.Collect$$libinit$$00000030          0x080001e2   Section        0  libinit2.o(.ARM.Collect$$libinit$$00000030)
    .ARM.Collect$$libinit$$00000032          0x080001e2   Section        0  libinit2.o(.ARM.Collect$$libinit$$00000032)
    .ARM.Collect$$libinit$$00000033          0x080001e2   Section        2  libinit2.o(.ARM.Collect$$libinit$$00000033)
    .ARM.Collect$$libshutdown$$00000000      0x080001e4   Section        2  libshutdown.o(.ARM.Collect$$libshutdown$$00000000)
    .ARM.Collect$$libshutdown$$00000002      0x080001e6   Section        0  libshutdown2.o(.ARM.Collect$$libshutdown$$00000002)
    .ARM.Collect$$libshutdown$$00000004      0x080001e6   Section        0  libshutdown2.o(.ARM.Collect$$libshutdown$$00000004)
    .ARM.Collect$$libshutdown$$00000007      0x080001e6   Section        0  libshutdown2.o(.ARM.Collect$$libshutdown$$00000007)
    .ARM.Collect$$libshutdown$$0000000A      0x080001e6   Section        0  libshutdown2.o(.ARM.Collect$$libshutdown$$0000000A)
    .ARM.Collect$$libshutdown$$0000000C      0x080001e6   Section        0  libshutdown2.o(.ARM.Collect$$libshutdown$$0000000C)
    .ARM.Collect$$libshutdown$$0000000F      0x080001e6   Section        0  libshutdown2.o(.ARM.Collect$$libshutdown$$0000000F)
    .ARM.Collect$$libshutdown$$00000010      0x080001e6   Section        2  libshutdown2.o(.ARM.Collect$$libshutdown$$00000010)
    .ARM.Collect$$rtentry$$00000000          0x080001e8   Section        0  __rtentry.o(.ARM.Collect$$rtentry$$00000000)
    .ARM.Collect$$rtentry$$00000002          0x080001e8   Section        0  __rtentry2.o(.ARM.Collect$$rtentry$$00000002)
    .ARM.Collect$$rtentry$$00000004          0x080001e8   Section        6  __rtentry4.o(.ARM.Collect$$rtentry$$00000004)
    .ARM.Collect$$rtentry$$00000009          0x080001ee   Section        0  __rtentry2.o(.ARM.Collect$$rtentry$$00000009)
    .ARM.Collect$$rtentry$$0000000A          0x080001ee   Section        4  __rtentry2.o(.ARM.Collect$$rtentry$$0000000A)
    .ARM.Collect$$rtentry$$0000000C          0x080001f2   Section        0  __rtentry2.o(.ARM.Collect$$rtentry$$0000000C)
    .ARM.Collect$$rtentry$$0000000D          0x080001f2   Section        8  __rtentry2.o(.ARM.Collect$$rtentry$$0000000D)
    .ARM.Collect$$rtexit$$00000000           0x080001fa   Section        2  rtexit.o(.ARM.Collect$$rtexit$$00000000)
    .ARM.Collect$$rtexit$$00000002           0x080001fc   Section        0  rtexit2.o(.ARM.Collect$$rtexit$$00000002)
    .ARM.Collect$$rtexit$$00000003           0x080001fc   Section        4  rtexit2.o(.ARM.Collect$$rtexit$$00000003)
    .ARM.Collect$$rtexit$$00000004           0x08000200   Section        6  rtexit2.o(.ARM.Collect$$rtexit$$00000004)
    .emb_text                                0x08000208   Section        0  maybetermalloc1.o(.emb_text)
    .text                                    0x08000208   Section       64  startup_stm32l151xc.o(.text)
    .text                                    0x08000248   Section        0  h1_alloc.o(.text)
    .text                                    0x080002a6   Section        0  h1_free.o(.text)
    .text                                    0x080002f4   Section      238  lludivv7m.o(.text)
    .text                                    0x080003e2   Section        0  strstr.o(.text)
    .text                                    0x08000406   Section        0  strlen.o(.text)
    .text                                    0x08000444   Section      100  rt_memcpy_w.o(.text)
    .text                                    0x080004a8   Section       78  rt_memclr_w.o(.text)
    .text                                    0x080004f6   Section        0  heapauxi.o(.text)
    .text                                    0x080004fc   Section        8  rt_heap_descriptor_intlibspace.o(.text)
    .text                                    0x08000504   Section        0  hguard.o(.text)
    .text                                    0x08000508   Section        0  init_alloc.o(.text)
    .text                                    0x08000592   Section        0  h1_init.o(.text)
    .text                                    0x080005a0   Section        8  libspace.o(.text)
    .text                                    0x080005a8   Section        0  h1_extend.o(.text)
    .text                                    0x080005dc   Section        0  defsig_rtmem_outer.o(.text)
    .text                                    0x080005ea   Section        2  use_no_semi.o(.text)
    .text                                    0x080005ec   Section       74  sys_stackheap_outer.o(.text)
    .text                                    0x080005ec   Section        0  indicate_semi.o(.text)
    .text                                    0x08000636   Section        0  exit.o(.text)
    .text                                    0x08000648   Section        0  defsig_exit.o(.text)
    .text                                    0x08000654   Section        0  defsig_rtmem_inner.o(.text)
    .text                                    0x080006a4   Section        0  sys_exit.o(.text)
    .text                                    0x080006b0   Section        0  defsig_general.o(.text)
    .text                                    0x080006e2   Section        0  sys_wrch.o(.text)
    i.BusFault_Handler                       0x080006f0   Section        0  stm32l1xx_it.o(i.BusFault_Handler)
    i.Check_Command_No_Delay                 0x080006f4   Section        0  uart_sim.o(i.Check_Command_No_Delay)
    i.Check_CountBuffer_Complete_Uart1       0x080008fc   Section        0  user_uart.o(i.Check_CountBuffer_Complete_Uart1)
    i.Check_CountBuffer_Complete_Uart3       0x0800096c   Section        0  user_uart.o(i.Check_CountBuffer_Complete_Uart3)
    i.Check_Disconnect_Error                 0x080009dc   Section        0  uart_sim.o(i.Check_Disconnect_Error)
    i.Check_Disconnect_Error_SIM             0x08000b0c   Section        0  main.o(i.Check_Disconnect_Error_SIM)
    i.Check_Receive_sendData_Control         0x08000ba4   Section        0  user_sim.o(i.Check_Receive_sendData_Control)
    i.Compare_Uart1_RX_Uart3_TX_True_Display 0x08000c40   Section        0  uart_sim.o(i.Compare_Uart1_RX_Uart3_TX_True_Display)
    i.Config_SIM_In_While                    0x08000d80   Section        0  uart_sim.o(i.Config_SIM_In_While)
    i.Config_SMS                             0x08000ed0   Section        0  uart_sim.o(i.Config_SMS)
    i.Config_TCP                             0x08000f88   Section        0  uart_sim.o(i.Config_TCP)
    i.Config_Uart_Sim                        0x080011d4   Section        0  uart_sim.o(i.Config_Uart_Sim)
    i.Connect_Server_SIM                     0x080014ec   Section        0  uart_sim.o(i.Connect_Server_SIM)
    i.Control_Read_News_Flash                0x080015f0   Section        0  user_sim.o(i.Control_Read_News_Flash)
    i.Control_Write_News_Flash               0x08001668   Section        0  user_sim.o(i.Control_Write_News_Flash)
    i.DebugMon_Handler                       0x0800172c   Section        0  stm32l1xx_it.o(i.DebugMon_Handler)
    i.Delete_Buffer                          0x0800172e   Section        0  user_uart.o(i.Delete_Buffer)
    i.Error_Cipsend                          0x0800174c   Section        0  user_sim.o(i.Error_Cipsend)
    i.Error_Handler                          0x080017a0   Section        0  main.o(i.Error_Handler)
    i.FLASH_PageErase                        0x080017a8   Section        0  stm32l1xx_hal_flash_ex.o(i.FLASH_PageErase)
    i.FLASH_ReadNews                         0x080017d8   Section        0  flash_memory.o(i.FLASH_ReadNews)
    i.FLASH_SetErrorCode                     0x0800183c   Section        0  stm32l1xx_hal_flash.o(i.FLASH_SetErrorCode)
    FLASH_SetErrorCode                       0x0800183d   Thumb Code   188  stm32l1xx_hal_flash.o(i.FLASH_SetErrorCode)
    i.FLASH_WaitForLastOperation             0x08001900   Section        0  stm32l1xx_hal_flash.o(i.FLASH_WaitForLastOperation)
    i.FLASH_WriteNews                        0x080019a0   Section        0  flash_memory.o(i.FLASH_WriteNews)
    i.FLASH_WriteNews_Earse                  0x08001a1c   Section        0  flash_memory.o(i.FLASH_WriteNews_Earse)
    i.Get_Real_Time                          0x08001ab0   Section        0  uart_sim.o(i.Get_Real_Time)
    i.HAL_DMA_Abort                          0x08001d04   Section        0  stm32l1xx_hal_dma.o(i.HAL_DMA_Abort)
    i.HAL_DMA_Abort_IT                       0x08001d5e   Section        0  stm32l1xx_hal_dma.o(i.HAL_DMA_Abort_IT)
    i.HAL_FLASHEx_Erase                      0x08001dbc   Section        0  stm32l1xx_hal_flash_ex.o(i.HAL_FLASHEx_Erase)
    i.HAL_FLASH_Lock                         0x08001e4c   Section        0  stm32l1xx_hal_flash.o(i.HAL_FLASH_Lock)
    i.HAL_FLASH_Program                      0x08001e60   Section        0  stm32l1xx_hal_flash.o(i.HAL_FLASH_Program)
    i.HAL_FLASH_Unlock                       0x08001eb4   Section        0  stm32l1xx_hal_flash.o(i.HAL_FLASH_Unlock)
    i.HAL_GPIO_Init                          0x08001f18   Section        0  stm32l1xx_hal_gpio.o(i.HAL_GPIO_Init)
    i.HAL_GPIO_WritePin                      0x080020dc   Section        0  stm32l1xx_hal_gpio.o(i.HAL_GPIO_WritePin)
    i.HAL_GetTick                            0x080020e8   Section        0  stm32l1xx_hal.o(i.HAL_GetTick)
    i.HAL_IncTick                            0x080020f4   Section        0  stm32l1xx_hal.o(i.HAL_IncTick)
    i.HAL_Init                               0x0800210c   Section        0  stm32l1xx_hal.o(i.HAL_Init)
    i.HAL_InitTick                           0x0800212c   Section        0  stm32l1xx_hal.o(i.HAL_InitTick)
    i.HAL_MspInit                            0x08002184   Section        0  stm32l1xx_hal_msp.o(i.HAL_MspInit)
    i.HAL_NVIC_EnableIRQ                     0x080021e0   Section        0  stm32l1xx_hal_cortex.o(i.HAL_NVIC_EnableIRQ)
    i.HAL_NVIC_SetPriority                   0x08002200   Section        0  stm32l1xx_hal_cortex.o(i.HAL_NVIC_SetPriority)
    i.HAL_NVIC_SetPriorityGrouping           0x0800227c   Section        0  stm32l1xx_hal_cortex.o(i.HAL_NVIC_SetPriorityGrouping)
    i.HAL_RCCEx_PeriphCLKConfig              0x080022a4   Section        0  stm32l1xx_hal_rcc_ex.o(i.HAL_RCCEx_PeriphCLKConfig)
    i.HAL_RCC_ClockConfig                    0x08002428   Section        0  stm32l1xx_hal_rcc.o(i.HAL_RCC_ClockConfig)
    i.HAL_RCC_GetHCLKFreq                    0x08002648   Section        0  stm32l1xx_hal_rcc.o(i.HAL_RCC_GetHCLKFreq)
    i.HAL_RCC_GetPCLK1Freq                   0x08002654   Section        0  stm32l1xx_hal_rcc.o(i.HAL_RCC_GetPCLK1Freq)
    i.HAL_RCC_GetPCLK2Freq                   0x08002674   Section        0  stm32l1xx_hal_rcc.o(i.HAL_RCC_GetPCLK2Freq)
    i.HAL_RCC_GetSysClockFreq                0x08002694   Section        0  stm32l1xx_hal_rcc.o(i.HAL_RCC_GetSysClockFreq)
    i.HAL_RCC_OscConfig                      0x08002734   Section        0  stm32l1xx_hal_rcc.o(i.HAL_RCC_OscConfig)
    i.HAL_RTC_GetDate                        0x08002d04   Section        0  stm32l1xx_hal_rtc.o(i.HAL_RTC_GetDate)
    i.HAL_RTC_GetTime                        0x08002d50   Section        0  stm32l1xx_hal_rtc.o(i.HAL_RTC_GetTime)
    i.HAL_RTC_Init                           0x08002db0   Section        0  stm32l1xx_hal_rtc.o(i.HAL_RTC_Init)
    i.HAL_RTC_MspInit                        0x08002e88   Section        0  stm32l1xx_hal_msp.o(i.HAL_RTC_MspInit)
    i.HAL_RTC_SetDate                        0x08002ea0   Section        0  stm32l1xx_hal_rtc.o(i.HAL_RTC_SetDate)
    i.HAL_RTC_SetTime                        0x08002f9c   Section        0  stm32l1xx_hal_rtc.o(i.HAL_RTC_SetTime)
    i.HAL_RTC_WaitForSynchro                 0x080030c0   Section        0  stm32l1xx_hal_rtc.o(i.HAL_RTC_WaitForSynchro)
    i.HAL_SYSTICK_Config                     0x08003102   Section        0  stm32l1xx_hal_cortex.o(i.HAL_SYSTICK_Config)
    i.HAL_UARTEx_RxEventCallback             0x08003136   Section        0  stm32l1xx_hal_uart.o(i.HAL_UARTEx_RxEventCallback)
    i.HAL_UART_ErrorCallback                 0x08003138   Section        0  stm32l1xx_hal_uart.o(i.HAL_UART_ErrorCallback)
    i.HAL_UART_IRQHandler                    0x0800313c   Section        0  stm32l1xx_hal_uart.o(i.HAL_UART_IRQHandler)
    i.HAL_UART_Init                          0x08003388   Section        0  stm32l1xx_hal_uart.o(i.HAL_UART_Init)
    i.HAL_UART_MspInit                       0x080033fc   Section        0  stm32l1xx_hal_msp.o(i.HAL_UART_MspInit)
    i.HAL_UART_Receive_IT                    0x08003508   Section        0  stm32l1xx_hal_uart.o(i.HAL_UART_Receive_IT)
    i.HAL_UART_RxCpltCallback                0x0800354c   Section        0  main.o(i.HAL_UART_RxCpltCallback)
    i.HAL_UART_Transmit                      0x080035b4   Section        0  stm32l1xx_hal_uart.o(i.HAL_UART_Transmit)
    i.HAL_UART_TxCpltCallback                0x08003686   Section        0  stm32l1xx_hal_uart.o(i.HAL_UART_TxCpltCallback)
    i.HardFault_Handler                      0x08003688   Section        0  stm32l1xx_it.o(i.HardFault_Handler)
    i.MX_GPIO_Init                           0x0800368c   Section        0  main.o(i.MX_GPIO_Init)
    MX_GPIO_Init                             0x0800368d   Thumb Code   164  main.o(i.MX_GPIO_Init)
    i.MX_RTC_Init                            0x0800373c   Section        0  main.o(i.MX_RTC_Init)
    MX_RTC_Init                              0x0800373d   Thumb Code   128  main.o(i.MX_RTC_Init)
    i.MX_USART1_UART_Init                    0x080037c4   Section        0  main.o(i.MX_USART1_UART_Init)
    MX_USART1_UART_Init                      0x080037c5   Thumb Code    46  main.o(i.MX_USART1_UART_Init)
    i.MX_USART3_UART_Init                    0x080037fc   Section        0  main.o(i.MX_USART3_UART_Init)
    MX_USART3_UART_Init                      0x080037fd   Thumb Code    46  main.o(i.MX_USART3_UART_Init)
    i.MemManage_Handler                      0x08003834   Section        0  stm32l1xx_it.o(i.MemManage_Handler)
    i.Module_SIM                             0x08003838   Section        0  main.o(i.Module_SIM)
    i.NMI_Handler                            0x0800388c   Section        0  stm32l1xx_it.o(i.NMI_Handler)
    i.Packing_News                           0x08003890   Section        0  user_sim.o(i.Packing_News)
    i.PendSV_Handler                         0x08003924   Section        0  stm32l1xx_it.o(i.PendSV_Handler)
    i.RCC_SetFlashLatencyFromMSIRange        0x08003928   Section        0  stm32l1xx_hal_rcc.o(i.RCC_SetFlashLatencyFromMSIRange)
    RCC_SetFlashLatencyFromMSIRange          0x08003929   Thumb Code   156  stm32l1xx_hal_rcc.o(i.RCC_SetFlashLatencyFromMSIRange)
    i.RTC_Bcd2ToByte                         0x080039d0   Section        0  stm32l1xx_hal_rtc.o(i.RTC_Bcd2ToByte)
    i.RTC_ByteToBcd2                         0x080039e4   Section        0  stm32l1xx_hal_rtc.o(i.RTC_ByteToBcd2)
    i.RTC_EnterInitMode                      0x08003a00   Section        0  stm32l1xx_hal_rtc.o(i.RTC_EnterInitMode)
    i.Reset_SendData                         0x08003a40   Section        0  user_sim.o(i.Reset_SendData)
    i.SVC_Handler                            0x08003a4c   Section        0  stm32l1xx_it.o(i.SVC_Handler)
    i.SendData_Control_SIM                   0x08003a50   Section        0  main.o(i.SendData_Control_SIM)
    i.SendData_Server                        0x08003ae4   Section        0  user_sim.o(i.SendData_Server)
    i.Set_RTC                                0x08003ed8   Section        0  main.o(i.Set_RTC)
    i.Setup_On_Off_Sim                       0x08003f20   Section        0  uart_sim.o(i.Setup_On_Off_Sim)
    i.Setup_SIM                              0x08003f98   Section        0  uart_sim.o(i.Setup_SIM)
    i.SysTick_Handler                        0x08003ff4   Section        0  stm32l1xx_it.o(i.SysTick_Handler)
    i.SystemClock_Config                     0x08003ffc   Section        0  main.o(i.SystemClock_Config)
    i.SystemInit                             0x08004080   Section        0  system_stm32l1xx.o(i.SystemInit)
    i.Time_Current                           0x08004084   Section        0  main.o(i.Time_Current)
    i.Transmit_CFUN                          0x0800411c   Section        0  uart_sim.o(i.Transmit_CFUN)
    i.Transmit_Data_Uart                     0x080041d4   Section        0  user_uart.o(i.Transmit_Data_Uart)
    i.UART_DMAAbortOnError                   0x08004208   Section        0  stm32l1xx_hal_uart.o(i.UART_DMAAbortOnError)
    UART_DMAAbortOnError                     0x08004209   Thumb Code    20  stm32l1xx_hal_uart.o(i.UART_DMAAbortOnError)
    i.UART_EndRxTransfer                     0x0800421c   Section        0  stm32l1xx_hal_uart.o(i.UART_EndRxTransfer)
    UART_EndRxTransfer                       0x0800421d   Thumb Code    54  stm32l1xx_hal_uart.o(i.UART_EndRxTransfer)
    i.UART_EndTransmit_IT                    0x08004252   Section        0  stm32l1xx_hal_uart.o(i.UART_EndTransmit_IT)
    UART_EndTransmit_IT                      0x08004253   Thumb Code    32  stm32l1xx_hal_uart.o(i.UART_EndTransmit_IT)
    i.UART_Receive_IT                        0x08004272   Section        0  stm32l1xx_hal_uart.o(i.UART_Receive_IT)
    UART_Receive_IT                          0x08004273   Thumb Code   228  stm32l1xx_hal_uart.o(i.UART_Receive_IT)
    i.UART_SetConfig                         0x08004358   Section        0  stm32l1xx_hal_uart.o(i.UART_SetConfig)
    UART_SetConfig                           0x08004359   Thumb Code   428  stm32l1xx_hal_uart.o(i.UART_SetConfig)
    i.UART_Start_Receive_IT                  0x08004508   Section        0  stm32l1xx_hal_uart.o(i.UART_Start_Receive_IT)
    i.UART_Transmit_IT                       0x0800454e   Section        0  stm32l1xx_hal_uart.o(i.UART_Transmit_IT)
    UART_Transmit_IT                         0x0800454f   Thumb Code    96  stm32l1xx_hal_uart.o(i.UART_Transmit_IT)
    i.UART_WaitOnFlagUntilTimeout            0x080045ae   Section        0  stm32l1xx_hal_uart.o(i.UART_WaitOnFlagUntilTimeout)
    UART_WaitOnFlagUntilTimeout              0x080045af   Thumb Code   108  stm32l1xx_hal_uart.o(i.UART_WaitOnFlagUntilTimeout)
    i.USART1_IRQHandler                      0x0800461c   Section        0  stm32l1xx_it.o(i.USART1_IRQHandler)
    i.USART3_IRQHandler                      0x0800462c   Section        0  stm32l1xx_it.o(i.USART3_IRQHandler)
    i.Uint_To_Char_Sim                       0x0800463c   Section        0  user_sim.o(i.Uint_To_Char_Sim)
    i.UsageFault_Handler                     0x08004684   Section        0  stm32l1xx_it.o(i.UsageFault_Handler)
    i.Write_Data_News                        0x08004688   Section        0  user_sim.o(i.Write_Data_News)
    i.__NVIC_GetPriorityGrouping             0x080047fc   Section        0  stm32l1xx_hal_cortex.o(i.__NVIC_GetPriorityGrouping)
    __NVIC_GetPriorityGrouping               0x080047fd   Thumb Code    10  stm32l1xx_hal_cortex.o(i.__NVIC_GetPriorityGrouping)
    i.__NVIC_SetPriority                     0x0800480c   Section        0  stm32l1xx_hal_cortex.o(i.__NVIC_SetPriority)
    __NVIC_SetPriority                       0x0800480d   Thumb Code    32  stm32l1xx_hal_cortex.o(i.__NVIC_SetPriority)
    i.main                                   0x08004834   Section        0  main.o(i.main)
    .constdata                               0x0800487c   Section       33  system_stm32l1xx.o(.constdata)
    .data                                    0x20000000   Section    10034  main.o(.data)
    .data                                    0x20002734   Section       32  user_sim.o(.data)
    .data                                    0x20002754   Section       12  stm32l1xx_hal.o(.data)
    .data                                    0x20002760   Section        4  system_stm32l1xx.o(.data)
    .data                                    0x20002764   Section       40  uart_sim.o(.data)
    .data                                    0x2000278c   Section       18  user_uart.o(.data)
    .bss                                     0x200027a0   Section      188  main.o(.bss)
    .bss                                     0x2000285c   Section       32  user_sim.o(.bss)
    .bss                                     0x2000287c   Section       24  stm32l1xx_hal_flash.o(.bss)
    .bss                                     0x20002894   Section       96  libspace.o(.bss)
    HEAP                                     0x200028f8   Section      512  startup_stm32l151xc.o(HEAP)
    Heap_Mem                                 0x200028f8   Data         512  startup_stm32l151xc.o(HEAP)
    STACK                                    0x20002af8   Section     1024  startup_stm32l151xc.o(STACK)
    Stack_Mem                                0x20002af8   Data        1024  startup_stm32l151xc.o(STACK)
    __initial_sp                             0x20002ef8   Data           0  startup_stm32l151xc.o(STACK)

    Global Symbols

    Symbol Name                              Value     Ov Type        Size  Object(Section)

    BuildAttributes$$THM_ISAv4$P$D$K$B$S$PE$A:L22UL41UL21$X:L11$S22US41US21$IEEE1$IW$USESV6$~STKCKD$USESV7$~SHL$OTIME$ROPI$EBA8$UX$STANDARDLIB$REQ8$PRES8$EABIv2 0x00000000   Number         0  anon$$obj.o ABSOLUTE
    __ARM_use_no_argv                        0x00000000   Number         0  main.o ABSOLUTE
    __ARM_exceptions_init                     - Undefined Weak Reference
    __alloca_initialize                       - Undefined Weak Reference
    __arm_preinit_                            - Undefined Weak Reference
    __cpp_initialize__aeabi_                  - Undefined Weak Reference
    __cxa_finalize                            - Undefined Weak Reference
    __rt_locale                               - Undefined Weak Reference
    __sigvec_lookup                           - Undefined Weak Reference
    __user_heap_extent                        - Undefined Weak Reference
    _atexit_init                              - Undefined Weak Reference
    _call_atexit_fns                          - Undefined Weak Reference
    _clock_init                               - Undefined Weak Reference
    _fp_trap_init                             - Undefined Weak Reference
    _fp_trap_shutdown                         - Undefined Weak Reference
    _get_lc_collate                           - Undefined Weak Reference
    _get_lc_ctype                             - Undefined Weak Reference
    _get_lc_monetary                          - Undefined Weak Reference
    _get_lc_numeric                           - Undefined Weak Reference
    _get_lc_time                              - Undefined Weak Reference
    _getenv_init                              - Undefined Weak Reference
    _handle_redirection                       - Undefined Weak Reference
    _initio                                   - Undefined Weak Reference
    _mutex_acquire                            - Undefined Weak Reference
    _mutex_free                               - Undefined Weak Reference
    _mutex_release                            - Undefined Weak Reference
    _rand_init                                - Undefined Weak Reference
    _signal_finish                            - Undefined Weak Reference
    _signal_init                              - Undefined Weak Reference
    _terminateio                              - Undefined Weak Reference
    __Vectors_Size                           0x00000124   Number         0  startup_stm32l151xc.o ABSOLUTE
    __Vectors                                0x08000000   Data           4  startup_stm32l151xc.o(RESET)
    __Vectors_End                            0x08000124   Data           0  startup_stm32l151xc.o(RESET)
    __main                                   0x08000125   Thumb Code     8  __main.o(!!!main)
    __scatterload                            0x0800012d   Thumb Code     0  __scatter.o(!!!scatter)
    __scatterload_rt2                        0x0800012d   Thumb Code    44  __scatter.o(!!!scatter)
    __scatterload_rt2_thumb_only             0x0800012d   Thumb Code     0  __scatter.o(!!!scatter)
    __scatterload_null                       0x0800013b   Thumb Code     0  __scatter.o(!!!scatter)
    __decompress                             0x08000161   Thumb Code    90  __dczerorl2.o(!!dczerorl2)
    __decompress1                            0x08000161   Thumb Code     0  __dczerorl2.o(!!dczerorl2)
    __scatterload_zeroinit                   0x080001bd   Thumb Code    28  __scatter_zi.o(!!handler_zi)
    __rt_lib_init                            0x080001d9   Thumb Code     0  libinit.o(.ARM.Collect$$libinit$$00000000)
    __rt_lib_init_fp_1                       0x080001db   Thumb Code     0  libinit2.o(.ARM.Collect$$libinit$$00000002)
    __rt_lib_init_heap_2                     0x080001db   Thumb Code     0  libinit2.o(.ARM.Collect$$libinit$$00000005)
    __rt_lib_init_preinit_1                  0x080001db   Thumb Code     0  libinit2.o(.ARM.Collect$$libinit$$00000004)
    __rt_lib_init_alloca_1                   0x080001e3   Thumb Code     0  libinit2.o(.ARM.Collect$$libinit$$0000002E)
    __rt_lib_init_argv_1                     0x080001e3   Thumb Code     0  libinit2.o(.ARM.Collect$$libinit$$0000002C)
    __rt_lib_init_atexit_1                   0x080001e3   Thumb Code     0  libinit2.o(.ARM.Collect$$libinit$$0000001B)
    __rt_lib_init_clock_1                    0x080001e3   Thumb Code     0  libinit2.o(.ARM.Collect$$libinit$$00000021)
    __rt_lib_init_cpp_1                      0x080001e3   Thumb Code     0  libinit2.o(.ARM.Collect$$libinit$$00000032)
    __rt_lib_init_exceptions_1               0x080001e3   Thumb Code     0  libinit2.o(.ARM.Collect$$libinit$$00000030)
    __rt_lib_init_fp_trap_1                  0x080001e3   Thumb Code     0  libinit2.o(.ARM.Collect$$libinit$$0000001F)
    __rt_lib_init_getenv_1                   0x080001e3   Thumb Code     0  libinit2.o(.ARM.Collect$$libinit$$00000023)
    __rt_lib_init_heap_1                     0x080001e3   Thumb Code     0  libinit2.o(.ARM.Collect$$libinit$$0000000A)
    __rt_lib_init_lc_collate_1               0x080001e3   Thumb Code     0  libinit2.o(.ARM.Collect$$libinit$$00000011)
    __rt_lib_init_lc_ctype_1                 0x080001e3   Thumb Code     0  libinit2.o(.ARM.Collect$$libinit$$00000013)
    __rt_lib_init_lc_monetary_1              0x080001e3   Thumb Code     0  libinit2.o(.ARM.Collect$$libinit$$00000015)
    __rt_lib_init_lc_numeric_1               0x080001e3   Thumb Code     0  libinit2.o(.ARM.Collect$$libinit$$00000017)
    __rt_lib_init_lc_time_1                  0x080001e3   Thumb Code     0  libinit2.o(.ARM.Collect$$libinit$$00000019)
    __rt_lib_init_rand_1                     0x080001e3   Thumb Code     0  libinit2.o(.ARM.Collect$$libinit$$0000000E)
    __rt_lib_init_return                     0x080001e3   Thumb Code     0  libinit2.o(.ARM.Collect$$libinit$$00000033)
    __rt_lib_init_signal_1                   0x080001e3   Thumb Code     0  libinit2.o(.ARM.Collect$$libinit$$0000001D)
    __rt_lib_init_stdio_1                    0x080001e3   Thumb Code     0  libinit2.o(.ARM.Collect$$libinit$$00000025)
    __rt_lib_init_user_alloc_1               0x080001e3   Thumb Code     0  libinit2.o(.ARM.Collect$$libinit$$0000000C)
    __rt_lib_shutdown                        0x080001e5   Thumb Code     0  libshutdown.o(.ARM.Collect$$libshutdown$$00000000)
    __rt_lib_shutdown_cpp_1                  0x080001e7   Thumb Code     0  libshutdown2.o(.ARM.Collect$$libshutdown$$00000002)
    __rt_lib_shutdown_fp_trap_1              0x080001e7   Thumb Code     0  libshutdown2.o(.ARM.Collect$$libshutdown$$00000007)
    __rt_lib_shutdown_heap_1                 0x080001e7   Thumb Code     0  libshutdown2.o(.ARM.Collect$$libshutdown$$0000000F)
    __rt_lib_shutdown_return                 0x080001e7   Thumb Code     0  libshutdown2.o(.ARM.Collect$$libshutdown$$00000010)
    __rt_lib_shutdown_signal_1               0x080001e7   Thumb Code     0  libshutdown2.o(.ARM.Collect$$libshutdown$$0000000A)
    __rt_lib_shutdown_stdio_1                0x080001e7   Thumb Code     0  libshutdown2.o(.ARM.Collect$$libshutdown$$00000004)
    __rt_lib_shutdown_user_alloc_1           0x080001e7   Thumb Code     0  libshutdown2.o(.ARM.Collect$$libshutdown$$0000000C)
    __rt_entry                               0x080001e9   Thumb Code     0  __rtentry.o(.ARM.Collect$$rtentry$$00000000)
    __rt_entry_presh_1                       0x080001e9   Thumb Code     0  __rtentry2.o(.ARM.Collect$$rtentry$$00000002)
    __rt_entry_sh                            0x080001e9   Thumb Code     0  __rtentry4.o(.ARM.Collect$$rtentry$$00000004)
    __rt_entry_li                            0x080001ef   Thumb Code     0  __rtentry2.o(.ARM.Collect$$rtentry$$0000000A)
    __rt_entry_postsh_1                      0x080001ef   Thumb Code     0  __rtentry2.o(.ARM.Collect$$rtentry$$00000009)
    __rt_entry_main                          0x080001f3   Thumb Code     0  __rtentry2.o(.ARM.Collect$$rtentry$$0000000D)
    __rt_entry_postli_1                      0x080001f3   Thumb Code     0  __rtentry2.o(.ARM.Collect$$rtentry$$0000000C)
    __rt_exit                                0x080001fb   Thumb Code     0  rtexit.o(.ARM.Collect$$rtexit$$00000000)
    __rt_exit_ls                             0x080001fd   Thumb Code     0  rtexit2.o(.ARM.Collect$$rtexit$$00000003)
    __rt_exit_prels_1                        0x080001fd   Thumb Code     0  rtexit2.o(.ARM.Collect$$rtexit$$00000002)
    __rt_exit_exit                           0x08000201   Thumb Code     0  rtexit2.o(.ARM.Collect$$rtexit$$00000004)
    Reset_Handler                            0x08000209   Thumb Code     8  startup_stm32l151xc.o(.text)
    _maybe_terminate_alloc                   0x08000209   Thumb Code     0  maybetermalloc1.o(.emb_text)
    ADC1_IRQHandler                          0x08000223   Thumb Code     0  startup_stm32l151xc.o(.text)
    COMP_ACQ_IRQHandler                      0x08000223   Thumb Code     0  startup_stm32l151xc.o(.text)
    COMP_IRQHandler                          0x08000223   Thumb Code     0  startup_stm32l151xc.o(.text)
    DAC_IRQHandler                           0x08000223   Thumb Code     0  startup_stm32l151xc.o(.text)
    DMA1_Channel1_IRQHandler                 0x08000223   Thumb Code     0  startup_stm32l151xc.o(.text)
    DMA1_Channel2_IRQHandler                 0x08000223   Thumb Code     0  startup_stm32l151xc.o(.text)
    DMA1_Channel3_IRQHandler                 0x08000223   Thumb Code     0  startup_stm32l151xc.o(.text)
    DMA1_Channel4_IRQHandler                 0x08000223   Thumb Code     0  startup_stm32l151xc.o(.text)
    DMA1_Channel5_IRQHandler                 0x08000223   Thumb Code     0  startup_stm32l151xc.o(.text)
    DMA1_Channel6_IRQHandler                 0x08000223   Thumb Code     0  startup_stm32l151xc.o(.text)
    DMA1_Channel7_IRQHandler                 0x08000223   Thumb Code     0  startup_stm32l151xc.o(.text)
    DMA2_Channel1_IRQHandler                 0x08000223   Thumb Code     0  startup_stm32l151xc.o(.text)
    DMA2_Channel2_IRQHandler                 0x08000223   Thumb Code     0  startup_stm32l151xc.o(.text)
    DMA2_Channel3_IRQHandler                 0x08000223   Thumb Code     0  startup_stm32l151xc.o(.text)
    DMA2_Channel4_IRQHandler                 0x08000223   Thumb Code     0  startup_stm32l151xc.o(.text)
    DMA2_Channel5_IRQHandler                 0x08000223   Thumb Code     0  startup_stm32l151xc.o(.text)
    EXTI0_IRQHandler                         0x08000223   Thumb Code     0  startup_stm32l151xc.o(.text)
    EXTI15_10_IRQHandler                     0x08000223   Thumb Code     0  startup_stm32l151xc.o(.text)
    EXTI1_IRQHandler                         0x08000223   Thumb Code     0  startup_stm32l151xc.o(.text)
    EXTI2_IRQHandler                         0x08000223   Thumb Code     0  startup_stm32l151xc.o(.text)
    EXTI3_IRQHandler                         0x08000223   Thumb Code     0  startup_stm32l151xc.o(.text)
    EXTI4_IRQHandler                         0x08000223   Thumb Code     0  startup_stm32l151xc.o(.text)
    EXTI9_5_IRQHandler                       0x08000223   Thumb Code     0  startup_stm32l151xc.o(.text)
    FLASH_IRQHandler                         0x08000223   Thumb Code     0  startup_stm32l151xc.o(.text)
    I2C1_ER_IRQHandler                       0x08000223   Thumb Code     0  startup_stm32l151xc.o(.text)
    I2C1_EV_IRQHandler                       0x08000223   Thumb Code     0  startup_stm32l151xc.o(.text)
    I2C2_ER_IRQHandler                       0x08000223   Thumb Code     0  startup_stm32l151xc.o(.text)
    I2C2_EV_IRQHandler                       0x08000223   Thumb Code     0  startup_stm32l151xc.o(.text)
    PVD_IRQHandler                           0x08000223   Thumb Code     0  startup_stm32l151xc.o(.text)
    RCC_IRQHandler                           0x08000223   Thumb Code     0  startup_stm32l151xc.o(.text)
    RTC_Alarm_IRQHandler                     0x08000223   Thumb Code     0  startup_stm32l151xc.o(.text)
    RTC_WKUP_IRQHandler                      0x08000223   Thumb Code     0  startup_stm32l151xc.o(.text)
    SPI1_IRQHandler                          0x08000223   Thumb Code     0  startup_stm32l151xc.o(.text)
    SPI2_IRQHandler                          0x08000223   Thumb Code     0  startup_stm32l151xc.o(.text)
    SPI3_IRQHandler                          0x08000223   Thumb Code     0  startup_stm32l151xc.o(.text)
    TAMPER_STAMP_IRQHandler                  0x08000223   Thumb Code     0  startup_stm32l151xc.o(.text)
    TIM10_IRQHandler                         0x08000223   Thumb Code     0  startup_stm32l151xc.o(.text)
    TIM11_IRQHandler                         0x08000223   Thumb Code     0  startup_stm32l151xc.o(.text)
    TIM2_IRQHandler                          0x08000223   Thumb Code     0  startup_stm32l151xc.o(.text)
    TIM3_IRQHandler                          0x08000223   Thumb Code     0  startup_stm32l151xc.o(.text)
    TIM4_IRQHandler                          0x08000223   Thumb Code     0  startup_stm32l151xc.o(.text)
    TIM5_IRQHandler                          0x08000223   Thumb Code     0  startup_stm32l151xc.o(.text)
    TIM6_IRQHandler                          0x08000223   Thumb Code     0  startup_stm32l151xc.o(.text)
    TIM7_IRQHandler                          0x08000223   Thumb Code     0  startup_stm32l151xc.o(.text)
    TIM9_IRQHandler                          0x08000223   Thumb Code     0  startup_stm32l151xc.o(.text)
    USART2_IRQHandler                        0x08000223   Thumb Code     0  startup_stm32l151xc.o(.text)
    USB_FS_WKUP_IRQHandler                   0x08000223   Thumb Code     0  startup_stm32l151xc.o(.text)
    USB_HP_IRQHandler                        0x08000223   Thumb Code     0  startup_stm32l151xc.o(.text)
    USB_LP_IRQHandler                        0x08000223   Thumb Code     0  startup_stm32l151xc.o(.text)
    WWDG_IRQHandler                          0x08000223   Thumb Code     0  startup_stm32l151xc.o(.text)
    __user_initial_stackheap                 0x08000225   Thumb Code     0  startup_stm32l151xc.o(.text)
    malloc                                   0x08000249   Thumb Code    94  h1_alloc.o(.text)
    free                                     0x080002a7   Thumb Code    78  h1_free.o(.text)
    __aeabi_uldivmod                         0x080002f5   Thumb Code     0  lludivv7m.o(.text)
    _ll_udiv                                 0x080002f5   Thumb Code   238  lludivv7m.o(.text)
    strstr                                   0x080003e3   Thumb Code    36  strstr.o(.text)
    strlen                                   0x08000407   Thumb Code    62  strlen.o(.text)
    __aeabi_memcpy4                          0x08000445   Thumb Code     0  rt_memcpy_w.o(.text)
    __aeabi_memcpy8                          0x08000445   Thumb Code     0  rt_memcpy_w.o(.text)
    __rt_memcpy_w                            0x08000445   Thumb Code   100  rt_memcpy_w.o(.text)
    _memcpy_lastbytes_aligned                0x0800048d   Thumb Code     0  rt_memcpy_w.o(.text)
    __aeabi_memclr4                          0x080004a9   Thumb Code     0  rt_memclr_w.o(.text)
    __aeabi_memclr8                          0x080004a9   Thumb Code     0  rt_memclr_w.o(.text)
    __rt_memclr_w                            0x080004a9   Thumb Code    78  rt_memclr_w.o(.text)
    _memset_w                                0x080004ad   Thumb Code     0  rt_memclr_w.o(.text)
    __use_two_region_memory                  0x080004f7   Thumb Code     2  heapauxi.o(.text)
    __rt_heap_escrow                         0x080004f9   Thumb Code     2  heapauxi.o(.text)
    __rt_heap_expand                         0x080004fb   Thumb Code     2  heapauxi.o(.text)
    __rt_heap_descriptor                     0x080004fd   Thumb Code     8  rt_heap_descriptor_intlibspace.o(.text)
    __use_no_heap                            0x08000505   Thumb Code     2  hguard.o(.text)
    __heap$guard                             0x08000507   Thumb Code     2  hguard.o(.text)
    _terminate_user_alloc                    0x08000509   Thumb Code     2  init_alloc.o(.text)
    _init_user_alloc                         0x0800050b   Thumb Code     2  init_alloc.o(.text)
    __Heap_Full                              0x0800050d   Thumb Code    34  init_alloc.o(.text)
    __Heap_Broken                            0x0800052f   Thumb Code     6  init_alloc.o(.text)
    _init_alloc                              0x08000535   Thumb Code    94  init_alloc.o(.text)
    __Heap_Initialize                        0x08000593   Thumb Code    10  h1_init.o(.text)
    __Heap_DescSize                          0x0800059d   Thumb Code     4  h1_init.o(.text)
    __user_libspace                          0x080005a1   Thumb Code     8  libspace.o(.text)
    __user_perproc_libspace                  0x080005a1   Thumb Code     0  libspace.o(.text)
    __user_perthread_libspace                0x080005a1   Thumb Code     0  libspace.o(.text)
    __Heap_ProvideMemory                     0x080005a9   Thumb Code    52  h1_extend.o(.text)
    __rt_SIGRTMEM                            0x080005dd   Thumb Code    14  defsig_rtmem_outer.o(.text)
    __I$use$semihosting                      0x080005eb   Thumb Code     0  use_no_semi.o(.text)
    __use_no_semihosting_swi                 0x080005eb   Thumb Code     2  use_no_semi.o(.text)
    __semihosting_library_function           0x080005ed   Thumb Code     0  indicate_semi.o(.text)
    __user_setup_stackheap                   0x080005ed   Thumb Code    74  sys_stackheap_outer.o(.text)
    exit                                     0x08000637   Thumb Code    18  exit.o(.text)
    __sig_exit                               0x08000649   Thumb Code    10  defsig_exit.o(.text)
    __rt_SIGRTMEM_inner                      0x08000655   Thumb Code    22  defsig_rtmem_inner.o(.text)
    _sys_exit                                0x080006a5   Thumb Code     8  sys_exit.o(.text)
    __default_signal_display                 0x080006b1   Thumb Code    50  defsig_general.o(.text)
    _ttywrch                                 0x080006e3   Thumb Code    14  sys_wrch.o(.text)
    BusFault_Handler                         0x080006f1   Thumb Code     4  stm32l1xx_it.o(i.BusFault_Handler)
    Check_Command_No_Delay                   0x080006f5   Thumb Code   506  uart_sim.o(i.Check_Command_No_Delay)
    Check_CountBuffer_Complete_Uart1         0x080008fd   Thumb Code   100  user_uart.o(i.Check_CountBuffer_Complete_Uart1)
    Check_CountBuffer_Complete_Uart3         0x0800096d   Thumb Code   100  user_uart.o(i.Check_CountBuffer_Complete_Uart3)
    Check_Disconnect_Error                   0x080009dd   Thumb Code   278  uart_sim.o(i.Check_Disconnect_Error)
    Check_Disconnect_Error_SIM               0x08000b0d   Thumb Code   102  main.o(i.Check_Disconnect_Error_SIM)
    Check_Receive_sendData_Control           0x08000ba5   Thumb Code   108  user_sim.o(i.Check_Receive_sendData_Control)
    Compare_Uart1_RX_Uart3_TX_True_Display   0x08000c41   Thumb Code   318  uart_sim.o(i.Compare_Uart1_RX_Uart3_TX_True_Display)
    Config_SIM_In_While                      0x08000d81   Thumb Code   308  uart_sim.o(i.Config_SIM_In_While)
    Config_SMS                               0x08000ed1   Thumb Code   148  uart_sim.o(i.Config_SMS)
    Config_TCP                               0x08000f89   Thumb Code   428  uart_sim.o(i.Config_TCP)
    Config_Uart_Sim                          0x080011d5   Thumb Code   664  uart_sim.o(i.Config_Uart_Sim)
    Connect_Server_SIM                       0x080014ed   Thumb Code   246  uart_sim.o(i.Connect_Server_SIM)
    Control_Read_News_Flash                  0x080015f1   Thumb Code   104  user_sim.o(i.Control_Read_News_Flash)
    Control_Write_News_Flash                 0x08001669   Thumb Code   172  user_sim.o(i.Control_Write_News_Flash)
    DebugMon_Handler                         0x0800172d   Thumb Code     2  stm32l1xx_it.o(i.DebugMon_Handler)
    Delete_Buffer                            0x0800172f   Thumb Code    30  user_uart.o(i.Delete_Buffer)
    Error_Cipsend                            0x0800174d   Thumb Code    74  user_sim.o(i.Error_Cipsend)
    Error_Handler                            0x080017a1   Thumb Code     6  main.o(i.Error_Handler)
    FLASH_PageErase                          0x080017a9   Thumb Code    38  stm32l1xx_hal_flash_ex.o(i.FLASH_PageErase)
    FLASH_ReadNews                           0x080017d9   Thumb Code   100  flash_memory.o(i.FLASH_ReadNews)
    FLASH_WaitForLastOperation               0x08001901   Thumb Code   156  stm32l1xx_hal_flash.o(i.FLASH_WaitForLastOperation)
    FLASH_WriteNews                          0x080019a1   Thumb Code   124  flash_memory.o(i.FLASH_WriteNews)
    FLASH_WriteNews_Earse                    0x08001a1d   Thumb Code   146  flash_memory.o(i.FLASH_WriteNews_Earse)
    Get_Real_Time                            0x08001ab1   Thumb Code   566  uart_sim.o(i.Get_Real_Time)
    HAL_DMA_Abort                            0x08001d05   Thumb Code    90  stm32l1xx_hal_dma.o(i.HAL_DMA_Abort)
    HAL_DMA_Abort_IT                         0x08001d5f   Thumb Code    92  stm32l1xx_hal_dma.o(i.HAL_DMA_Abort_IT)
    HAL_FLASHEx_Erase                        0x08001dbd   Thumb Code   134  stm32l1xx_hal_flash_ex.o(i.HAL_FLASHEx_Erase)
    HAL_FLASH_Lock                           0x08001e4d   Thumb Code    16  stm32l1xx_hal_flash.o(i.HAL_FLASH_Lock)
    HAL_FLASH_Program                        0x08001e61   Thumb Code    80  stm32l1xx_hal_flash.o(i.HAL_FLASH_Program)
    HAL_FLASH_Unlock                         0x08001eb5   Thumb Code    80  stm32l1xx_hal_flash.o(i.HAL_FLASH_Unlock)
    HAL_GPIO_Init                            0x08001f19   Thumb Code   418  stm32l1xx_hal_gpio.o(i.HAL_GPIO_Init)
    HAL_GPIO_WritePin                        0x080020dd   Thumb Code    12  stm32l1xx_hal_gpio.o(i.HAL_GPIO_WritePin)
    HAL_GetTick                              0x080020e9   Thumb Code     6  stm32l1xx_hal.o(i.HAL_GetTick)
    HAL_IncTick                              0x080020f5   Thumb Code    16  stm32l1xx_hal.o(i.HAL_IncTick)
    HAL_Init                                 0x0800210d   Thumb Code    30  stm32l1xx_hal.o(i.HAL_Init)
    HAL_InitTick                             0x0800212d   Thumb Code    74  stm32l1xx_hal.o(i.HAL_InitTick)
    HAL_MspInit                              0x08002185   Thumb Code    88  stm32l1xx_hal_msp.o(i.HAL_MspInit)
    HAL_NVIC_EnableIRQ                       0x080021e1   Thumb Code    32  stm32l1xx_hal_cortex.o(i.HAL_NVIC_EnableIRQ)
    HAL_NVIC_SetPriority                     0x08002201   Thumb Code   124  stm32l1xx_hal_cortex.o(i.HAL_NVIC_SetPriority)
    HAL_NVIC_SetPriorityGrouping             0x0800227d   Thumb Code    32  stm32l1xx_hal_cortex.o(i.HAL_NVIC_SetPriorityGrouping)
    HAL_RCCEx_PeriphCLKConfig                0x080022a5   Thumb Code   376  stm32l1xx_hal_rcc_ex.o(i.HAL_RCCEx_PeriphCLKConfig)
    HAL_RCC_ClockConfig                      0x08002429   Thumb Code   522  stm32l1xx_hal_rcc.o(i.HAL_RCC_ClockConfig)
    HAL_RCC_GetHCLKFreq                      0x08002649   Thumb Code     6  stm32l1xx_hal_rcc.o(i.HAL_RCC_GetHCLKFreq)
    HAL_RCC_GetPCLK1Freq                     0x08002655   Thumb Code    22  stm32l1xx_hal_rcc.o(i.HAL_RCC_GetPCLK1Freq)
    HAL_RCC_GetPCLK2Freq                     0x08002675   Thumb Code    22  stm32l1xx_hal_rcc.o(i.HAL_RCC_GetPCLK2Freq)
    HAL_RCC_GetSysClockFreq                  0x08002695   Thumb Code   144  stm32l1xx_hal_rcc.o(i.HAL_RCC_GetSysClockFreq)
    HAL_RCC_OscConfig                        0x08002735   Thumb Code  1480  stm32l1xx_hal_rcc.o(i.HAL_RCC_OscConfig)
    HAL_RTC_GetDate                          0x08002d05   Thumb Code    70  stm32l1xx_hal_rtc.o(i.HAL_RTC_GetDate)
    HAL_RTC_GetTime                          0x08002d51   Thumb Code    92  stm32l1xx_hal_rtc.o(i.HAL_RTC_GetTime)
    HAL_RTC_Init                             0x08002db1   Thumb Code   212  stm32l1xx_hal_rtc.o(i.HAL_RTC_Init)
    HAL_RTC_MspInit                          0x08002e89   Thumb Code    16  stm32l1xx_hal_msp.o(i.HAL_RTC_MspInit)
    HAL_RTC_SetDate                          0x08002ea1   Thumb Code   246  stm32l1xx_hal_rtc.o(i.HAL_RTC_SetDate)
    HAL_RTC_SetTime                          0x08002f9d   Thumb Code   288  stm32l1xx_hal_rtc.o(i.HAL_RTC_SetTime)
    HAL_RTC_WaitForSynchro                   0x080030c1   Thumb Code    66  stm32l1xx_hal_rtc.o(i.HAL_RTC_WaitForSynchro)
    HAL_SYSTICK_Config                       0x08003103   Thumb Code    52  stm32l1xx_hal_cortex.o(i.HAL_SYSTICK_Config)
    HAL_UARTEx_RxEventCallback               0x08003137   Thumb Code     2  stm32l1xx_hal_uart.o(i.HAL_UARTEx_RxEventCallback)
    HAL_UART_ErrorCallback                   0x08003139   Thumb Code     2  stm32l1xx_hal_uart.o(i.HAL_UART_ErrorCallback)
    HAL_UART_IRQHandler                      0x0800313d   Thumb Code   584  stm32l1xx_hal_uart.o(i.HAL_UART_IRQHandler)
    HAL_UART_Init                            0x08003389   Thumb Code   114  stm32l1xx_hal_uart.o(i.HAL_UART_Init)
    HAL_UART_MspInit                         0x080033fd   Thumb Code   246  stm32l1xx_hal_msp.o(i.HAL_UART_MspInit)
    HAL_UART_Receive_IT                      0x08003509   Thumb Code    66  stm32l1xx_hal_uart.o(i.HAL_UART_Receive_IT)
    HAL_UART_RxCpltCallback                  0x0800354d   Thumb Code    86  main.o(i.HAL_UART_RxCpltCallback)
    HAL_UART_Transmit                        0x080035b5   Thumb Code   210  stm32l1xx_hal_uart.o(i.HAL_UART_Transmit)
    HAL_UART_TxCpltCallback                  0x08003687   Thumb Code     2  stm32l1xx_hal_uart.o(i.HAL_UART_TxCpltCallback)
    HardFault_Handler                        0x08003689   Thumb Code     4  stm32l1xx_it.o(i.HardFault_Handler)
    MemManage_Handler                        0x08003835   Thumb Code     4  stm32l1xx_it.o(i.MemManage_Handler)
    Module_SIM                               0x08003839   Thumb Code    58  main.o(i.Module_SIM)
    NMI_Handler                              0x0800388d   Thumb Code     4  stm32l1xx_it.o(i.NMI_Handler)
    Packing_News                             0x08003891   Thumb Code   120  user_sim.o(i.Packing_News)
    PendSV_Handler                           0x08003925   Thumb Code     2  stm32l1xx_it.o(i.PendSV_Handler)
    RTC_Bcd2ToByte                           0x080039d1   Thumb Code    20  stm32l1xx_hal_rtc.o(i.RTC_Bcd2ToByte)
    RTC_ByteToBcd2                           0x080039e5   Thumb Code    28  stm32l1xx_hal_rtc.o(i.RTC_ByteToBcd2)
    RTC_EnterInitMode                        0x08003a01   Thumb Code    62  stm32l1xx_hal_rtc.o(i.RTC_EnterInitMode)
    Reset_SendData                           0x08003a41   Thumb Code     8  user_sim.o(i.Reset_SendData)
    SVC_Handler                              0x08003a4d   Thumb Code     2  stm32l1xx_it.o(i.SVC_Handler)
    SendData_Control_SIM                     0x08003a51   Thumb Code   114  main.o(i.SendData_Control_SIM)
    SendData_Server                          0x08003ae5   Thumb Code   952  user_sim.o(i.SendData_Server)
    Set_RTC                                  0x08003ed9   Thumb Code    60  main.o(i.Set_RTC)
    Setup_On_Off_Sim                         0x08003f21   Thumb Code   110  uart_sim.o(i.Setup_On_Off_Sim)
    Setup_SIM                                0x08003f99   Thumb Code    80  uart_sim.o(i.Setup_SIM)
    SysTick_Handler                          0x08003ff5   Thumb Code     8  stm32l1xx_it.o(i.SysTick_Handler)
    SystemClock_Config                       0x08003ffd   Thumb Code   126  main.o(i.SystemClock_Config)
    SystemInit                               0x08004081   Thumb Code     2  system_stm32l1xx.o(i.SystemInit)
    Time_Current                             0x08004085   Thumb Code   132  main.o(i.Time_Current)
    Transmit_CFUN                            0x0800411d   Thumb Code   148  uart_sim.o(i.Transmit_CFUN)
    Transmit_Data_Uart                       0x080041d5   Thumb Code    48  user_uart.o(i.Transmit_Data_Uart)
    UART_Start_Receive_IT                    0x08004509   Thumb Code    70  stm32l1xx_hal_uart.o(i.UART_Start_Receive_IT)
    USART1_IRQHandler                        0x0800461d   Thumb Code    10  stm32l1xx_it.o(i.USART1_IRQHandler)
    USART3_IRQHandler                        0x0800462d   Thumb Code    10  stm32l1xx_it.o(i.USART3_IRQHandler)
    Uint_To_Char_Sim                         0x0800463d   Thumb Code    72  user_sim.o(i.Uint_To_Char_Sim)
    UsageFault_Handler                       0x08004685   Thumb Code     4  stm32l1xx_it.o(i.UsageFault_Handler)
    Write_Data_News                          0x08004689   Thumb Code   372  user_sim.o(i.Write_Data_News)
    main                                     0x08004835   Thumb Code    62  main.o(i.main)
    PLLMulTable                              0x0800487c   Data           9  system_stm32l1xx.o(.constdata)
    AHBPrescTable                            0x08004885   Data          16  system_stm32l1xx.o(.constdata)
    APBPrescTable                            0x08004895   Data           8  system_stm32l1xx.o(.constdata)
    Region$$Table$$Base                      0x080048a0   Number         0  anon$$obj.o(Region$$Table)
    Region$$Table$$Limit                     0x080048c0   Number         0  anon$$obj.o(Region$$Table)
    sUart1                                   0x20000000   Data        5008  main.o(.data)
    sUart3                                   0x20001390   Data        5008  main.o(.data)
    sDate                                    0x20002720   Data           4  main.o(.data)
    RTC_Current                              0x20002724   Data           7  main.o(.data)
    get_RTC                                  0x2000272b   Data           1  main.o(.data)
    get_RTC_complete                         0x2000272c   Data           1  main.o(.data)
    run_Time_Current                         0x2000272d   Data           1  main.o(.data)
    check_Power_OFF                          0x2000272e   Data           2  main.o(.data)
    check_config                             0x20002730   Data           1  main.o(.data)
    check_connect                            0x20002731   Data           1  main.o(.data)
    count_news                               0x20002734   Data           4  user_sim.o(.data)
    getTick_error_cipsend                    0x20002738   Data           4  user_sim.o(.data)
    check_cipsend                            0x2000273c   Data           1  user_sim.o(.data)
    send_data                                0x2000273d   Data           1  user_sim.o(.data)
    Sim_Control                              0x2000273e   Data           4  user_sim.o(.data)
    flash_addr_write                         0x20002744   Data           4  user_sim.o(.data)
    flash_addr_read                          0x20002748   Data           4  user_sim.o(.data)
    flash_page_write                         0x2000274c   Data           4  user_sim.o(.data)
    flash_page_read                          0x20002750   Data           4  user_sim.o(.data)
    uwTick                                   0x20002754   Data           4  stm32l1xx_hal.o(.data)
    uwTickPrio                               0x20002758   Data           4  stm32l1xx_hal.o(.data)
    uwTickFreq                               0x2000275c   Data           4  stm32l1xx_hal.o(.data)
    SystemCoreClock                          0x20002760   Data           4  system_stm32l1xx.o(.data)
    check10Times                             0x20002764   Data           1  uart_sim.o(.data)
    Get_systick_Rx_Uart3                     0x20002766   Data           2  uart_sim.o(.data)
    check_Transmit                           0x20002768   Data           1  uart_sim.o(.data)
    count_Transmit_TCP                       0x20002769   Data           1  uart_sim.o(.data)
    count_Transmit_SMS                       0x2000276a   Data           1  uart_sim.o(.data)
    count_Transmit_Uart_SIM                  0x2000276b   Data           1  uart_sim.o(.data)
    count_Transmit_CFUN                      0x2000276c   Data           1  uart_sim.o(.data)
    count_Connect_Server                     0x2000276d   Data           1  uart_sim.o(.data)
    time_10_TCP                              0x2000276e   Data           1  uart_sim.o(.data)
    time_10_SMS                              0x2000276f   Data           1  uart_sim.o(.data)
    time_10_Uart_SIM                         0x20002770   Data           1  uart_sim.o(.data)
    time_3_Uart_SIM                          0x20002771   Data           1  uart_sim.o(.data)
    time_10_CFUN                             0x20002772   Data           1  uart_sim.o(.data)
    get_systick_command                      0x20002774   Data           4  uart_sim.o(.data)
    check_timeOut                            0x20002778   Data           1  uart_sim.o(.data)
    check_systick_Sim                        0x2000277c   Data           4  uart_sim.o(.data)
    check_config_Sim                         0x20002780   Data           1  uart_sim.o(.data)
    check_config_SIM                         0x20002782   Data           2  uart_sim.o(.data)
    check_systick_CCLK                       0x20002784   Data           1  uart_sim.o(.data)
    get_systick_CCLK                         0x20002788   Data           4  uart_sim.o(.data)
    check_countBuffer_uart1                  0x2000278c   Data           2  user_uart.o(.data)
    Get_systick_countBuffer_uart1            0x20002790   Data           4  user_uart.o(.data)
    State_systick_countBuffer_uart1          0x20002794   Data           2  user_uart.o(.data)
    check_countBuffer_uart3                  0x20002796   Data           2  user_uart.o(.data)
    Get_systick_countBuffer_uart3            0x20002798   Data           4  user_uart.o(.data)
    State_systick_countBuffer_uart3          0x2000279c   Data           2  user_uart.o(.data)
    hrtc                                     0x200027a0   Data          32  main.o(.bss)
    huart1                                   0x200027c0   Data          68  main.o(.bss)
    huart3                                   0x20002804   Data          68  main.o(.bss)
    sTime                                    0x20002848   Data          20  main.o(.bss)
    News                                     0x2000285c   Data          32  user_sim.o(.bss)
    pFlash                                   0x2000287c   Data          24  stm32l1xx_hal_flash.o(.bss)
    __libspace_start                         0x20002894   Data          96  libspace.o(.bss)
    __temporary_stack_top$libspace           0x200028f4   Data           0  libspace.o(.bss)



==============================================================================

Memory Map of the image

  Image Entry point : 0x08000125

  Load Region LR_IROM1 (Base: 0x08000000, Size: 0x00007060, Max: 0x00040000, ABSOLUTE, COMPRESSED[0x0000492c])

    Execution Region ER_IROM1 (Exec base: 0x08000000, Load base: 0x08000000, Size: 0x000048c0, Max: 0x00040000, ABSOLUTE)

    Exec Addr    Load Addr    Size         Type   Attr      Idx    E Section Name        Object

    0x08000000   0x08000000   0x00000124   Data   RO            3    RESET               startup_stm32l151xc.o
    0x08000124   0x08000124   0x00000008   Code   RO         2888  * !!!main             c_w.l(__main.o)
    0x0800012c   0x0800012c   0x00000034   Code   RO         3101    !!!scatter          c_w.l(__scatter.o)
    0x08000160   0x08000160   0x0000005a   Code   RO         3099    !!dczerorl2         c_w.l(__dczerorl2.o)
    0x080001ba   0x080001ba   0x00000002   PAD
    0x080001bc   0x080001bc   0x0000001c   Code   RO         3103    !!handler_zi        c_w.l(__scatter_zi.o)
    0x080001d8   0x080001d8   0x00000002   Code   RO         3038    .ARM.Collect$$libinit$$00000000  c_w.l(libinit.o)
    0x080001da   0x080001da   0x00000000   Code   RO         2925    .ARM.Collect$$libinit$$00000002  c_w.l(libinit2.o)
    0x080001da   0x080001da   0x00000000   Code   RO         2927    .ARM.Collect$$libinit$$00000004  c_w.l(libinit2.o)
    0x080001da   0x080001da   0x00000008   Code   RO         2928    .ARM.Collect$$libinit$$00000005  c_w.l(libinit2.o)
    0x080001e2   0x080001e2   0x00000000   Code   RO         2930    .ARM.Collect$$libinit$$0000000A  c_w.l(libinit2.o)
    0x080001e2   0x080001e2   0x00000000   Code   RO         2932    .ARM.Collect$$libinit$$0000000C  c_w.l(libinit2.o)
    0x080001e2   0x080001e2   0x00000000   Code   RO         2934    .ARM.Collect$$libinit$$0000000E  c_w.l(libinit2.o)
    0x080001e2   0x080001e2   0x00000000   Code   RO         2937    .ARM.Collect$$libinit$$00000011  c_w.l(libinit2.o)
    0x080001e2   0x080001e2   0x00000000   Code   RO         2939    .ARM.Collect$$libinit$$00000013  c_w.l(libinit2.o)
    0x080001e2   0x080001e2   0x00000000   Code   RO         2941    .ARM.Collect$$libinit$$00000015  c_w.l(libinit2.o)
    0x080001e2   0x080001e2   0x00000000   Code   RO         2943    .ARM.Collect$$libinit$$00000017  c_w.l(libinit2.o)
    0x080001e2   0x080001e2   0x00000000   Code   RO         2945    .ARM.Collect$$libinit$$00000019  c_w.l(libinit2.o)
    0x080001e2   0x080001e2   0x00000000   Code   RO         2947    .ARM.Collect$$libinit$$0000001B  c_w.l(libinit2.o)
    0x080001e2   0x080001e2   0x00000000   Code   RO         2949    .ARM.Collect$$libinit$$0000001D  c_w.l(libinit2.o)
    0x080001e2   0x080001e2   0x00000000   Code   RO         2951    .ARM.Collect$$libinit$$0000001F  c_w.l(libinit2.o)
    0x080001e2   0x080001e2   0x00000000   Code   RO         2953    .ARM.Collect$$libinit$$00000021  c_w.l(libinit2.o)
    0x080001e2   0x080001e2   0x00000000   Code   RO         2955    .ARM.Collect$$libinit$$00000023  c_w.l(libinit2.o)
    0x080001e2   0x080001e2   0x00000000   Code   RO         2957    .ARM.Collect$$libinit$$00000025  c_w.l(libinit2.o)
    0x080001e2   0x080001e2   0x00000000   Code   RO         2961    .ARM.Collect$$libinit$$0000002C  c_w.l(libinit2.o)
    0x080001e2   0x080001e2   0x00000000   Code   RO         2963    .ARM.Collect$$libinit$$0000002E  c_w.l(libinit2.o)
    0x080001e2   0x080001e2   0x00000000   Code   RO         2965    .ARM.Collect$$libinit$$00000030  c_w.l(libinit2.o)
    0x080001e2   0x080001e2   0x00000000   Code   RO         2967    .ARM.Collect$$libinit$$00000032  c_w.l(libinit2.o)
    0x080001e2   0x080001e2   0x00000002   Code   RO         2968    .ARM.Collect$$libinit$$00000033  c_w.l(libinit2.o)
    0x080001e4   0x080001e4   0x00000002   Code   RO         3096    .ARM.Collect$$libshutdown$$00000000  c_w.l(libshutdown.o)
    0x080001e6   0x080001e6   0x00000000   Code   RO         3054    .ARM.Collect$$libshutdown$$00000002  c_w.l(libshutdown2.o)
    0x080001e6   0x080001e6   0x00000000   Code   RO         3056    .ARM.Collect$$libshutdown$$00000004  c_w.l(libshutdown2.o)
    0x080001e6   0x080001e6   0x00000000   Code   RO         3059    .ARM.Collect$$libshutdown$$00000007  c_w.l(libshutdown2.o)
    0x080001e6   0x080001e6   0x00000000   Code   RO         3062    .ARM.Collect$$libshutdown$$0000000A  c_w.l(libshutdown2.o)
    0x080001e6   0x080001e6   0x00000000   Code   RO         3064    .ARM.Collect$$libshutdown$$0000000C  c_w.l(libshutdown2.o)
    0x080001e6   0x080001e6   0x00000000   Code   RO         3067    .ARM.Collect$$libshutdown$$0000000F  c_w.l(libshutdown2.o)
    0x080001e6   0x080001e6   0x00000002   Code   RO         3068    .ARM.Collect$$libshutdown$$00000010  c_w.l(libshutdown2.o)
    0x080001e8   0x080001e8   0x00000000   Code   RO         2892    .ARM.Collect$$rtentry$$00000000  c_w.l(__rtentry.o)
    0x080001e8   0x080001e8   0x00000000   Code   RO         2975    .ARM.Collect$$rtentry$$00000002  c_w.l(__rtentry2.o)
    0x080001e8   0x080001e8   0x00000006   Code   RO         2987    .ARM.Collect$$rtentry$$00000004  c_w.l(__rtentry4.o)
    0x080001ee   0x080001ee   0x00000000   Code   RO         2977    .ARM.Collect$$rtentry$$00000009  c_w.l(__rtentry2.o)
    0x080001ee   0x080001ee   0x00000004   Code   RO         2978    .ARM.Collect$$rtentry$$0000000A  c_w.l(__rtentry2.o)
    0x080001f2   0x080001f2   0x00000000   Code   RO         2980    .ARM.Collect$$rtentry$$0000000C  c_w.l(__rtentry2.o)
    0x080001f2   0x080001f2   0x00000008   Code   RO         2981    .ARM.Collect$$rtentry$$0000000D  c_w.l(__rtentry2.o)
    0x080001fa   0x080001fa   0x00000002   Code   RO         3041    .ARM.Collect$$rtexit$$00000000  c_w.l(rtexit.o)
    0x080001fc   0x080001fc   0x00000000   Code   RO         3072    .ARM.Collect$$rtexit$$00000002  c_w.l(rtexit2.o)
    0x080001fc   0x080001fc   0x00000004   Code   RO         3073    .ARM.Collect$$rtexit$$00000003  c_w.l(rtexit2.o)
    0x08000200   0x08000200   0x00000006   Code   RO         3074    .ARM.Collect$$rtexit$$00000004  c_w.l(rtexit2.o)
    0x08000206   0x08000206   0x00000002   PAD
    0x08000208   0x08000208   0x00000000   Code   RO         2993    .emb_text           c_w.l(maybetermalloc1.o)
    0x08000208   0x08000208   0x00000040   Code   RO            4    .text               startup_stm32l151xc.o
    0x08000248   0x08000248   0x0000005e   Code   RO         2818    .text               c_w.l(h1_alloc.o)
    0x080002a6   0x080002a6   0x0000004e   Code   RO         2820    .text               c_w.l(h1_free.o)
    0x080002f4   0x080002f4   0x000000ee   Code   RO         2876    .text               c_w.l(lludivv7m.o)
    0x080003e2   0x080003e2   0x00000024   Code   RO         2878    .text               c_w.l(strstr.o)
    0x08000406   0x08000406   0x0000003e   Code   RO         2880    .text               c_w.l(strlen.o)
    0x08000444   0x08000444   0x00000064   Code   RO         2882    .text               c_w.l(rt_memcpy_w.o)
    0x080004a8   0x080004a8   0x0000004e   Code   RO         2884    .text               c_w.l(rt_memclr_w.o)
    0x080004f6   0x080004f6   0x00000006   Code   RO         2886    .text               c_w.l(heapauxi.o)
    0x080004fc   0x080004fc   0x00000008   Code   RO         2900    .text               c_w.l(rt_heap_descriptor_intlibspace.o)
    0x08000504   0x08000504   0x00000004   Code   RO         2902    .text               c_w.l(hguard.o)
    0x08000508   0x08000508   0x0000008a   Code   RO         2904    .text               c_w.l(init_alloc.o)
    0x08000592   0x08000592   0x0000000e   Code   RO         2908    .text               c_w.l(h1_init.o)
    0x080005a0   0x080005a0   0x00000008   Code   RO         2971    .text               c_w.l(libspace.o)
    0x080005a8   0x080005a8   0x00000034   Code   RO         2995    .text               c_w.l(h1_extend.o)
    0x080005dc   0x080005dc   0x0000000e   Code   RO         2999    .text               c_w.l(defsig_rtmem_outer.o)
    0x080005ea   0x080005ea   0x00000002   Code   RO         3010    .text               c_w.l(use_no_semi.o)
    0x080005ec   0x080005ec   0x00000000   Code   RO         3012    .text               c_w.l(indicate_semi.o)
    0x080005ec   0x080005ec   0x0000004a   Code   RO         3013    .text               c_w.l(sys_stackheap_outer.o)
    0x08000636   0x08000636   0x00000012   Code   RO         3019    .text               c_w.l(exit.o)
    0x08000648   0x08000648   0x0000000a   Code   RO         3021    .text               c_w.l(defsig_exit.o)
    0x08000652   0x08000652   0x00000002   PAD
    0x08000654   0x08000654   0x00000050   Code   RO         3027    .text               c_w.l(defsig_rtmem_inner.o)
    0x080006a4   0x080006a4   0x0000000c   Code   RO         3039    .text               c_w.l(sys_exit.o)
    0x080006b0   0x080006b0   0x00000032   Code   RO         3049    .text               c_w.l(defsig_general.o)
    0x080006e2   0x080006e2   0x0000000e   Code   RO         3069    .text               c_w.l(sys_wrch.o)
    0x080006f0   0x080006f0   0x00000004   Code   RO          232    i.BusFault_Handler  stm32l1xx_it.o
    0x080006f4   0x080006f4   0x00000208   Code   RO         2617    i.Check_Command_No_Delay  uart_sim.o
    0x080008fc   0x080008fc   0x00000070   Code   RO         2770    i.Check_CountBuffer_Complete_Uart1  user_uart.o
    0x0800096c   0x0800096c   0x00000070   Code   RO         2771    i.Check_CountBuffer_Complete_Uart3  user_uart.o
    0x080009dc   0x080009dc   0x00000130   Code   RO         2619    i.Check_Disconnect_Error  uart_sim.o
    0x08000b0c   0x08000b0c   0x00000098   Code   RO           13    i.Check_Disconnect_Error_SIM  main.o
    0x08000ba4   0x08000ba4   0x0000009c   Code   RO          368    i.Check_Receive_sendData_Control  user_sim.o
    0x08000c40   0x08000c40   0x0000013e   Code   RO         2621    i.Compare_Uart1_RX_Uart3_TX_True_Display  uart_sim.o
    0x08000d7e   0x08000d7e   0x00000002   PAD
    0x08000d80   0x08000d80   0x00000150   Code   RO         2623    i.Config_SIM_In_While  uart_sim.o
    0x08000ed0   0x08000ed0   0x000000b8   Code   RO         2624    i.Config_SMS        uart_sim.o
    0x08000f88   0x08000f88   0x0000024c   Code   RO         2626    i.Config_TCP        uart_sim.o
    0x080011d4   0x080011d4   0x00000318   Code   RO         2628    i.Config_Uart_Sim   uart_sim.o
    0x080014ec   0x080014ec   0x00000104   Code   RO         2630    i.Connect_Server_SIM  uart_sim.o
    0x080015f0   0x080015f0   0x00000078   Code   RO          369    i.Control_Read_News_Flash  user_sim.o
    0x08001668   0x08001668   0x000000c4   Code   RO          370    i.Control_Write_News_Flash  user_sim.o
    0x0800172c   0x0800172c   0x00000002   Code   RO          233    i.DebugMon_Handler  stm32l1xx_it.o
    0x0800172e   0x0800172e   0x0000001e   Code   RO         2772    i.Delete_Buffer     user_uart.o
    0x0800174c   0x0800174c   0x00000054   Code   RO          371    i.Error_Cipsend     user_sim.o
    0x080017a0   0x080017a0   0x00000006   Code   RO           14    i.Error_Handler     main.o
    0x080017a6   0x080017a6   0x00000002   PAD
    0x080017a8   0x080017a8   0x00000030   Code   RO         1332    i.FLASH_PageErase   stm32l1xx_hal_flash_ex.o
    0x080017d8   0x080017d8   0x00000064   Code   RO         2567    i.FLASH_ReadNews    flash_memory.o
    0x0800183c   0x0800183c   0x000000c4   Code   RO         1218    i.FLASH_SetErrorCode  stm32l1xx_hal_flash.o
    0x08001900   0x08001900   0x000000a0   Code   RO         1219    i.FLASH_WaitForLastOperation  stm32l1xx_hal_flash.o
    0x080019a0   0x080019a0   0x0000007c   Code   RO         2568    i.FLASH_WriteNews   flash_memory.o
    0x08001a1c   0x08001a1c   0x00000092   Code   RO         2569    i.FLASH_WriteNews_Earse  flash_memory.o
    0x08001aae   0x08001aae   0x00000002   PAD
    0x08001ab0   0x08001ab0   0x00000254   Code   RO         2631    i.Get_Real_Time     uart_sim.o
    0x08001d04   0x08001d04   0x0000005a   Code   RO         1640    i.HAL_DMA_Abort     stm32l1xx_hal_dma.o
    0x08001d5e   0x08001d5e   0x0000005c   Code   RO         1641    i.HAL_DMA_Abort_IT  stm32l1xx_hal_dma.o
    0x08001dba   0x08001dba   0x00000002   PAD
    0x08001dbc   0x08001dbc   0x00000090   Code   RO         1341    i.HAL_FLASHEx_Erase  stm32l1xx_hal_flash_ex.o
    0x08001e4c   0x08001e4c   0x00000014   Code   RO         1223    i.HAL_FLASH_Lock    stm32l1xx_hal_flash.o
    0x08001e60   0x08001e60   0x00000054   Code   RO         1228    i.HAL_FLASH_Program  stm32l1xx_hal_flash.o
    0x08001eb4   0x08001eb4   0x00000064   Code   RO         1230    i.HAL_FLASH_Unlock  stm32l1xx_hal_flash.o
    0x08001f18   0x08001f18   0x000001c4   Code   RO         1576    i.HAL_GPIO_Init     stm32l1xx_hal_gpio.o
    0x080020dc   0x080020dc   0x0000000c   Code   RO         1580    i.HAL_GPIO_WritePin  stm32l1xx_hal_gpio.o
    0x080020e8   0x080020e8   0x0000000c   Code   RO          882    i.HAL_GetTick       stm32l1xx_hal.o
    0x080020f4   0x080020f4   0x00000018   Code   RO          888    i.HAL_IncTick       stm32l1xx_hal.o
    0x0800210c   0x0800210c   0x0000001e   Code   RO          889    i.HAL_Init          stm32l1xx_hal.o
    0x0800212a   0x0800212a   0x00000002   PAD
    0x0800212c   0x0800212c   0x00000058   Code   RO          890    i.HAL_InitTick      stm32l1xx_hal.o
    0x08002184   0x08002184   0x0000005c   Code   RO          320    i.HAL_MspInit       stm32l1xx_hal_msp.o
    0x080021e0   0x080021e0   0x00000020   Code   RO         1919    i.HAL_NVIC_EnableIRQ  stm32l1xx_hal_cortex.o
    0x08002200   0x08002200   0x0000007c   Code   RO         1925    i.HAL_NVIC_SetPriority  stm32l1xx_hal_cortex.o
    0x0800227c   0x0800227c   0x00000028   Code   RO         1926    i.HAL_NVIC_SetPriorityGrouping  stm32l1xx_hal_cortex.o
    0x080022a4   0x080022a4   0x00000184   Code   RO         1159    i.HAL_RCCEx_PeriphCLKConfig  stm32l1xx_hal_rcc_ex.o
    0x08002428   0x08002428   0x00000220   Code   RO         1046    i.HAL_RCC_ClockConfig  stm32l1xx_hal_rcc.o
    0x08002648   0x08002648   0x0000000c   Code   RO         1051    i.HAL_RCC_GetHCLKFreq  stm32l1xx_hal_rcc.o
    0x08002654   0x08002654   0x00000020   Code   RO         1053    i.HAL_RCC_GetPCLK1Freq  stm32l1xx_hal_rcc.o
    0x08002674   0x08002674   0x00000020   Code   RO         1054    i.HAL_RCC_GetPCLK2Freq  stm32l1xx_hal_rcc.o
    0x08002694   0x08002694   0x000000a0   Code   RO         1055    i.HAL_RCC_GetSysClockFreq  stm32l1xx_hal_rcc.o
    0x08002734   0x08002734   0x000005d0   Code   RO         1058    i.HAL_RCC_OscConfig  stm32l1xx_hal_rcc.o
    0x08002d04   0x08002d04   0x0000004c   Code   RO          473    i.HAL_RTC_GetDate   stm32l1xx_hal_rtc.o
    0x08002d50   0x08002d50   0x00000060   Code   RO          475    i.HAL_RTC_GetTime   stm32l1xx_hal_rtc.o
    0x08002db0   0x08002db0   0x000000d8   Code   RO          476    i.HAL_RTC_Init      stm32l1xx_hal_rtc.o
    0x08002e88   0x08002e88   0x00000018   Code   RO          322    i.HAL_RTC_MspInit   stm32l1xx_hal_msp.o
    0x08002ea0   0x08002ea0   0x000000fc   Code   RO          482    i.HAL_RTC_SetDate   stm32l1xx_hal_rtc.o
    0x08002f9c   0x08002f9c   0x00000124   Code   RO          483    i.HAL_RTC_SetTime   stm32l1xx_hal_rtc.o
    0x080030c0   0x080030c0   0x00000042   Code   RO          484    i.HAL_RTC_WaitForSynchro  stm32l1xx_hal_rtc.o
    0x08003102   0x08003102   0x00000034   Code   RO         1930    i.HAL_SYSTICK_Config  stm32l1xx_hal_cortex.o
    0x08003136   0x08003136   0x00000002   Code   RO         2173    i.HAL_UARTEx_RxEventCallback  stm32l1xx_hal_uart.o
    0x08003138   0x08003138   0x00000002   Code   RO         2187    i.HAL_UART_ErrorCallback  stm32l1xx_hal_uart.o
    0x0800313a   0x0800313a   0x00000002   PAD
    0x0800313c   0x0800313c   0x0000024c   Code   RO         2190    i.HAL_UART_IRQHandler  stm32l1xx_hal_uart.o
    0x08003388   0x08003388   0x00000072   Code   RO         2191    i.HAL_UART_Init     stm32l1xx_hal_uart.o
    0x080033fa   0x080033fa   0x00000002   PAD
    0x080033fc   0x080033fc   0x0000010c   Code   RO          324    i.HAL_UART_MspInit  stm32l1xx_hal_msp.o
    0x08003508   0x08003508   0x00000042   Code   RO         2196    i.HAL_UART_Receive_IT  stm32l1xx_hal_uart.o
    0x0800354a   0x0800354a   0x00000002   PAD
    0x0800354c   0x0800354c   0x00000068   Code   RO           15    i.HAL_UART_RxCpltCallback  main.o
    0x080035b4   0x080035b4   0x000000d2   Code   RO         2199    i.HAL_UART_Transmit  stm32l1xx_hal_uart.o
    0x08003686   0x08003686   0x00000002   Code   RO         2202    i.HAL_UART_TxCpltCallback  stm32l1xx_hal_uart.o
    0x08003688   0x08003688   0x00000004   Code   RO          234    i.HardFault_Handler  stm32l1xx_it.o
    0x0800368c   0x0800368c   0x000000b0   Code   RO           16    i.MX_GPIO_Init      main.o
    0x0800373c   0x0800373c   0x00000088   Code   RO           17    i.MX_RTC_Init       main.o
    0x080037c4   0x080037c4   0x00000038   Code   RO           18    i.MX_USART1_UART_Init  main.o
    0x080037fc   0x080037fc   0x00000038   Code   RO           19    i.MX_USART3_UART_Init  main.o
    0x08003834   0x08003834   0x00000004   Code   RO          235    i.MemManage_Handler  stm32l1xx_it.o
    0x08003838   0x08003838   0x00000054   Code   RO           20    i.Module_SIM        main.o
    0x0800388c   0x0800388c   0x00000004   Code   RO          236    i.NMI_Handler       stm32l1xx_it.o
    0x08003890   0x08003890   0x00000094   Code   RO          372    i.Packing_News      user_sim.o
    0x08003924   0x08003924   0x00000002   Code   RO          237    i.PendSV_Handler    stm32l1xx_it.o
    0x08003926   0x08003926   0x00000002   PAD
    0x08003928   0x08003928   0x000000a8   Code   RO         1059    i.RCC_SetFlashLatencyFromMSIRange  stm32l1xx_hal_rcc.o
    0x080039d0   0x080039d0   0x00000014   Code   RO          485    i.RTC_Bcd2ToByte    stm32l1xx_hal_rtc.o
    0x080039e4   0x080039e4   0x0000001c   Code   RO          486    i.RTC_ByteToBcd2    stm32l1xx_hal_rtc.o
    0x08003a00   0x08003a00   0x0000003e   Code   RO          487    i.RTC_EnterInitMode  stm32l1xx_hal_rtc.o
    0x08003a3e   0x08003a3e   0x00000002   PAD
    0x08003a40   0x08003a40   0x0000000c   Code   RO          374    i.Reset_SendData    user_sim.o
    0x08003a4c   0x08003a4c   0x00000002   Code   RO          238    i.SVC_Handler       stm32l1xx_it.o
    0x08003a4e   0x08003a4e   0x00000002   PAD
    0x08003a50   0x08003a50   0x00000094   Code   RO           22    i.SendData_Control_SIM  main.o
    0x08003ae4   0x08003ae4   0x000003f4   Code   RO          375    i.SendData_Server   user_sim.o
    0x08003ed8   0x08003ed8   0x00000048   Code   RO           23    i.Set_RTC           main.o
    0x08003f20   0x08003f20   0x00000078   Code   RO         2632    i.Setup_On_Off_Sim  uart_sim.o
    0x08003f98   0x08003f98   0x0000005c   Code   RO         2633    i.Setup_SIM         uart_sim.o
    0x08003ff4   0x08003ff4   0x00000008   Code   RO          239    i.SysTick_Handler   stm32l1xx_it.o
    0x08003ffc   0x08003ffc   0x00000084   Code   RO           24    i.SystemClock_Config  main.o
    0x08004080   0x08004080   0x00000002   Code   RO         2530    i.SystemInit        system_stm32l1xx.o
    0x08004082   0x08004082   0x00000002   PAD
    0x08004084   0x08004084   0x00000098   Code   RO           25    i.Time_Current      main.o
    0x0800411c   0x0800411c   0x000000b8   Code   RO         2636    i.Transmit_CFUN     uart_sim.o
    0x080041d4   0x080041d4   0x00000034   Code   RO         2773    i.Transmit_Data_Uart  user_uart.o
    0x08004208   0x08004208   0x00000014   Code   RO         2204    i.UART_DMAAbortOnError  stm32l1xx_hal_uart.o
    0x0800421c   0x0800421c   0x00000036   Code   RO         2214    i.UART_EndRxTransfer  stm32l1xx_hal_uart.o
    0x08004252   0x08004252   0x00000020   Code   RO         2215    i.UART_EndTransmit_IT  stm32l1xx_hal_uart.o
    0x08004272   0x08004272   0x000000e4   Code   RO         2217    i.UART_Receive_IT   stm32l1xx_hal_uart.o
    0x08004356   0x08004356   0x00000002   PAD
    0x08004358   0x08004358   0x000001b0   Code   RO         2218    i.UART_SetConfig    stm32l1xx_hal_uart.o
    0x08004508   0x08004508   0x00000046   Code   RO         2220    i.UART_Start_Receive_IT  stm32l1xx_hal_uart.o
    0x0800454e   0x0800454e   0x00000060   Code   RO         2221    i.UART_Transmit_IT  stm32l1xx_hal_uart.o
    0x080045ae   0x080045ae   0x0000006c   Code   RO         2222    i.UART_WaitOnFlagUntilTimeout  stm32l1xx_hal_uart.o
    0x0800461a   0x0800461a   0x00000002   PAD
    0x0800461c   0x0800461c   0x00000010   Code   RO          240    i.USART1_IRQHandler  stm32l1xx_it.o
    0x0800462c   0x0800462c   0x00000010   Code   RO          241    i.USART3_IRQHandler  stm32l1xx_it.o
    0x0800463c   0x0800463c   0x00000048   Code   RO          376    i.Uint_To_Char_Sim  user_sim.o
    0x08004684   0x08004684   0x00000004   Code   RO          242    i.UsageFault_Handler  stm32l1xx_it.o
    0x08004688   0x08004688   0x00000174   Code   RO          377    i.Write_Data_News   user_sim.o
    0x080047fc   0x080047fc   0x00000010   Code   RO         1932    i.__NVIC_GetPriorityGrouping  stm32l1xx_hal_cortex.o
    0x0800480c   0x0800480c   0x00000028   Code   RO         1933    i.__NVIC_SetPriority  stm32l1xx_hal_cortex.o
    0x08004834   0x08004834   0x00000048   Code   RO           26    i.main              main.o
    0x0800487c   0x0800487c   0x00000021   Data   RO         2531    .constdata          system_stm32l1xx.o
    0x0800489d   0x0800489d   0x00000003   PAD
    0x080048a0   0x080048a0   0x00000020   Data   RO         3097    Region$$Table       anon$$obj.o


    Execution Region RW_IRAM1 (Exec base: 0x20000000, Load base: 0x080048c0, Size: 0x00002ef8, Max: 0x00008000, ABSOLUTE, COMPRESSED[0x0000006c])

    Exec Addr    Load Addr    Size         Type   Attr      Idx    E Section Name        Object

    0x20000000   COMPRESSED   0x00002732   Data   RW           28    .data               main.o
    0x20002732   COMPRESSED   0x00000002   PAD
    0x20002734   COMPRESSED   0x00000020   Data   RW          379    .data               user_sim.o
    0x20002754   COMPRESSED   0x0000000c   Data   RW          896    .data               stm32l1xx_hal.o
    0x20002760   COMPRESSED   0x00000004   Data   RW         2532    .data               system_stm32l1xx.o
    0x20002764   COMPRESSED   0x00000028   Data   RW         2639    .data               uart_sim.o
    0x2000278c   COMPRESSED   0x00000012   Data   RW         2774    .data               user_uart.o
    0x2000279e   COMPRESSED   0x00000002   PAD
    0x200027a0        -       0x000000bc   Zero   RW           27    .bss                main.o
    0x2000285c        -       0x00000020   Zero   RW          378    .bss                user_sim.o
    0x2000287c        -       0x00000018   Zero   RW         1231    .bss                stm32l1xx_hal_flash.o
    0x20002894        -       0x00000060   Zero   RW         2972    .bss                c_w.l(libspace.o)
    0x200028f4   COMPRESSED   0x00000004   PAD
    0x200028f8        -       0x00000200   Zero   RW            2    HEAP                startup_stm32l151xc.o
    0x20002af8        -       0x00000400   Zero   RW            1    STACK               startup_stm32l151xc.o


==============================================================================

Image component sizes


      Code (inc. data)   RO Data    RW Data    ZI Data      Debug   Object Name

       370          0          0          0          0       2919   flash_memory.o
      1346        216          0      10034        188     389804   main.o
        64         26        292          0       1536        788   startup_stm32l151xc.o
       154         28          0         12          0       3105   stm32l1xx_hal.o
       304         22          0          0          0      30947   stm32l1xx_hal_cortex.o
       182          0          0          0          0       1639   stm32l1xx_hal_dma.o
       560         40          0          0         24       3394   stm32l1xx_hal_flash.o
       192         20          0          0          0       1799   stm32l1xx_hal_flash_ex.o
       464         34          0          0          0       1928   stm32l1xx_hal_gpio.o
       384         34          0          0          0       2091   stm32l1xx_hal_msp.o
      2436        112          0          0          0       6492   stm32l1xx_hal_rcc.o
       388         12          0          0          0       1392   stm32l1xx_hal_rcc_ex.o
      1108         24          0          0          0       6790   stm32l1xx_hal_rtc.o
      2024          8          0          0          0      10912   stm32l1xx_hal_uart.o
        66         12          0          0          0       4602   stm32l1xx_it.o
         2          0         33          4          0       1099   system_stm32l1xx.o
      4294        508          0         40          0      11651   uart_sim.o
      2172        190          0         32         32       6487   user_sim.o
       306         28          0         18          0       3313   user_uart.o

    ----------------------------------------------------------------------
     16844       1314        360      10144       1780     491152   Object Totals
         0          0         32          0          0          0   (incl. Generated)
        28          0          3          4          0          0   (incl. Padding)

    ----------------------------------------------------------------------

      Code (inc. data)   RO Data    RW Data    ZI Data      Debug   Library Member Name

        90          0          0          0          0          0   __dczerorl2.o
         8          0          0          0          0         68   __main.o
         0          0          0          0          0          0   __rtentry.o
        12          0          0          0          0          0   __rtentry2.o
         6          0          0          0          0          0   __rtentry4.o
        52          8          0          0          0          0   __scatter.o
        28          0          0          0          0          0   __scatter_zi.o
        10          0          0          0          0         68   defsig_exit.o
        50          0          0          0          0         88   defsig_general.o
        80         58          0          0          0         76   defsig_rtmem_inner.o
        14          0          0          0          0         80   defsig_rtmem_outer.o
        18          0          0          0          0         80   exit.o
        94          0          0          0          0         80   h1_alloc.o
        52          0          0          0          0         68   h1_extend.o
        78          0          0          0          0         80   h1_free.o
        14          0          0          0          0         84   h1_init.o
         6          0          0          0          0        152   heapauxi.o
         4          0          0          0          0        136   hguard.o
         0          0          0          0          0          0   indicate_semi.o
       138          0          0          0          0        168   init_alloc.o
         2          0          0          0          0          0   libinit.o
        10          0          0          0          0          0   libinit2.o
         2          0          0          0          0          0   libshutdown.o
         2          0          0          0          0          0   libshutdown2.o
         8          4          0          0         96         68   libspace.o
       238          0          0          0          0        100   lludivv7m.o
         0          0          0          0          0          0   maybetermalloc1.o
         8          4          0          0          0         68   rt_heap_descriptor_intlibspace.o
        78          0          0          0          0         80   rt_memclr_w.o
       100          0          0          0          0         80   rt_memcpy_w.o
         2          0          0          0          0          0   rtexit.o
        10          0          0          0          0          0   rtexit2.o
        62          0          0          0          0         76   strlen.o
        36          0          0          0          0         80   strstr.o
        12          4          0          0          0         68   sys_exit.o
        74          0          0          0          0         80   sys_stackheap_outer.o
        14          0          0          0          0         76   sys_wrch.o
         2          0          0          0          0         68   use_no_semi.o

    ----------------------------------------------------------------------
      1420         78          0          0        100       2072   Library Totals
         6          0          0          0          4          0   (incl. Padding)

    ----------------------------------------------------------------------

      Code (inc. data)   RO Data    RW Data    ZI Data      Debug   Library Name

      1414         78          0          0         96       2072   c_w.l

    ----------------------------------------------------------------------
      1420         78          0          0        100       2072   Library Totals

    ----------------------------------------------------------------------

==============================================================================


      Code (inc. data)   RO Data    RW Data    ZI Data      Debug   

     18264       1392        360      10144       1880     486772   Grand Totals
     18264       1392        360        108       1880     486772   ELF Image Totals (compressed)
     18264       1392        360        108          0          0   ROM Totals

==============================================================================

    Total RO  Size (Code + RO Data)                18624 (  18.19kB)
    Total RW  Size (RW Data + ZI Data)             12024 (  11.74kB)
    Total ROM Size (Code + RO Data + RW Data)      18732 (  18.29kB)

==============================================================================

